../Core/Src/main.c:127:6:HAL_TIM_PeriodElapsedCallback	16	static
../Core/Src/main.c:142:5:main	16	static
../Core/Src/main.c:251:6:SystemClock_Config	88	static
../Core/Src/main.c:298:13:MX_ADC1_Init	24	static
../Core/Src/main.c:350:13:MX_ADC2_Init	24	static
../Core/Src/main.c:402:13:MX_ADC3_Init	24	static
../Core/Src/main.c:454:13:MX_SPI1_Init	8	static
../Core/Src/main.c:492:13:MX_SPI3_Init	8	static
../Core/Src/main.c:530:13:MX_TIM2_Init	32	static
../Core/Src/main.c:575:13:MX_TIM4_Init	48	static
../Core/Src/main.c:624:13:MX_UART5_Init	8	static
../Core/Src/main.c:657:13:MX_USART1_UART_Init	8	static
../Core/Src/main.c:690:13:MX_GPIO_Init	48	static
../Core/Src/main.c:752:6:Error_Handler	4	static,ignoring_inline_asm
