../Core/Src/sa818s.c:35:26:SA818S_SendCommand	32	static
../Core/Src/sa818s.c:68:19:SA818S_Init	16	static
../Core/Src/sa818s.c:78:19:SA818S_Handshake	80	static
../Core/Src/sa818s.c:89:19:SA818S_SetGroup	208	static
../Core/Src/sa818s.c:108:6:SA818S_ApplyConfig	8	static
../Core/Src/sa818s.c:113:19:SA818S_SetVolume	120	static
../Core/Src/sa818s.c:130:19:SA818S_SetFilter	128	static
../Core/Src/sa818s.c:143:19:SA818S_SetTailTone	120	static
../Core/Src/sa818s.c:156:19:SA818S_ReadGroup	112	static
../Core/Src/sa818s.c:169:19:SA818S_ReadRSSI	88	static
../Core/Src/sa818s.c:181:19:SA818S_ReadVersion	88	static
