../Core/Src/tle9201.c:6:6:TLE9201_Init	8	static
../Core/Src/tle9201.c:18:6:TLE9201_EnableOutput	8	static
../Core/Src/tle9201.c:23:6:TLE9201_DisableOutput	8	static
../Core/Src/tle9201.c:28:6:TLE9201_SetDirection	16	static
../Core/Src/tle9201.c:33:6:TLE9201_SetSpeed	16	static
../Core/Src/tle9201.c:40:16:TLE9201_TransferByte	32	static
../Core/Src/tle9201.c:49:9:TLE9201_ReadDiagnosis	8	static
../Core/Src/tle9201.c:54:9:TLE9201_ReadRevision	8	static
../Core/Src/tle9201.c:59:6:TLE9201_ResetDiagnosis	8	static
