20:09:41 **** Incremental Build of configuration Debug for project testlora ****
make -j16 all 
arm-none-eabi-gcc "../Core/Src/main.c" -mcpu=cortex-m4 -std=gnu11 -g3 -DDEBUG -DUSE_HAL_DRIVER -DSTM32F446xx -c -I../Core/Inc -I../Drivers/STM32F4xx_HAL_Driver/Inc -I../Drivers/STM32F4xx_HAL_Driver/Inc/Legacy -I../Drivers/CMSIS/Device/ST/STM32F4xx/Include -I../Drivers/CMSIS/Include -O0 -ffunction-sections -fdata-sections -Wall -fstack-usage -fcyclomatic-complexity -MMD -MP -MF"Core/Src/main.d" -MT"Core/Src/main.o" --specs=nano.specs -mfpu=fpv4-sp-d16 -mfloat-abi=hard -mthumb -o "Core/Src/main.o"
arm-none-eabi-g++ -o "testlora.elf" @"objects.list"   -mcpu=cortex-m4 -T"/home/amer/STM32CubeIDE/workspace_1.12.0/testlora/STM32F446RETX_FLASH.ld" --specs=nosys.specs -Wl,-Map="testlora.map" -Wl,--gc-sections -static --specs=nano.specs -mfpu=fpv4-sp-d16 -mfloat-abi=hard -mthumb -Wl,--start-group -lc -lm -lstdc++ -lsupc++ -Wl,--end-group
Finished building target: testlora.elf
 
arm-none-eabi-size   testlora.elf 
arm-none-eabi-objdump -h -S  testlora.elf  > "testlora.list"
   text	   data	    bss	    dec	    hex	filename
   9044	     20	   1708	  10772	   2a14	testlora.elf
Finished building: default.size.stdout
 
Finished building: testlora.list
 

20:09:42 Build Finished. 0 errors, 0 warnings. (took 905ms)

