../Core/Src/ryrl898.c:10:6:lora_init	8	static
../Core/Src/ryrl898.c:18:9:lora_recive	8	static
../Core/Src/ryrl898.c:22:9:receive_message	16	static
../Core/Src/ryrl898.c:33:9:process_message	40	static
../Core/Src/ryrl898.c:40:6:lora_send_char	72	static
../Core/Src/ryrl898.c:46:6:lora_send_data	280	static
../Core/Src/ryrl898.c:52:10:get_id	40	static
../Core/Src/ryrl898.c:65:10:get_address	40	static
../Core/Src/ryrl898.c:78:6:lora_set_address	72	static
../Core/Src/ryrl898.c:84:6:lora_set_network_id	72	static
../Core/Src/ryrl898.c:90:6:lora_set_band	72	static
../Core/Src/ryrl898.c:96:6:lora_set_password	72	static
../Core/Src/ryrl898.c:102:6:lora_apply_config	8	static
