Archive member included to satisfy reference by file (symbol)

/home/amer/st/stm32cubeide_1.12.0/plugins/com.st.stm32cube.ide.mcu.externaltools.gnu-tools-for-stm32.13.3.rel1.linux64_1.0.0.202410170706/tools/bin/../lib/gcc/arm-none-eabi/13.3.1/../../../../arm-none-eabi/lib/thumb/v7e-m+fp/hard/libc_nano.a(libc_a-exit.o)
                              /home/amer/st/stm32cubeide_1.12.0/plugins/com.st.stm32cube.ide.mcu.externaltools.gnu-tools-for-stm32.13.3.rel1.linux64_1.0.0.202410170706/tools/bin/../lib/gcc/arm-none-eabi/13.3.1/../../../../arm-none-eabi/lib/thumb/v7e-m+fp/hard/crt0.o (exit)
/home/amer/st/stm32cubeide_1.12.0/plugins/com.st.stm32cube.ide.mcu.externaltools.gnu-tools-for-stm32.13.3.rel1.linux64_1.0.0.202410170706/tools/bin/../lib/gcc/arm-none-eabi/13.3.1/../../../../arm-none-eabi/lib/thumb/v7e-m+fp/hard/libc_nano.a(libc_a-malloc.o)
                              ./Drivers/st7735/st7735.o (malloc)
/home/amer/st/stm32cubeide_1.12.0/plugins/com.st.stm32cube.ide.mcu.externaltools.gnu-tools-for-stm32.13.3.rel1.linux64_1.0.0.202410170706/tools/bin/../lib/gcc/arm-none-eabi/13.3.1/../../../../arm-none-eabi/lib/thumb/v7e-m+fp/hard/libc_nano.a(libc_a-mallocr.o)
                              /home/amer/st/stm32cubeide_1.12.0/plugins/com.st.stm32cube.ide.mcu.externaltools.gnu-tools-for-stm32.13.3.rel1.linux64_1.0.0.202410170706/tools/bin/../lib/gcc/arm-none-eabi/13.3.1/../../../../arm-none-eabi/lib/thumb/v7e-m+fp/hard/libc_nano.a(libc_a-malloc.o) (_malloc_r)
/home/amer/st/stm32cubeide_1.12.0/plugins/com.st.stm32cube.ide.mcu.externaltools.gnu-tools-for-stm32.13.3.rel1.linux64_1.0.0.202410170706/tools/bin/../lib/gcc/arm-none-eabi/13.3.1/../../../../arm-none-eabi/lib/thumb/v7e-m+fp/hard/libc_nano.a(libc_a-mlock.o)
                              /home/amer/st/stm32cubeide_1.12.0/plugins/com.st.stm32cube.ide.mcu.externaltools.gnu-tools-for-stm32.13.3.rel1.linux64_1.0.0.202410170706/tools/bin/../lib/gcc/arm-none-eabi/13.3.1/../../../../arm-none-eabi/lib/thumb/v7e-m+fp/hard/libc_nano.a(libc_a-mallocr.o) (__malloc_lock)
/home/amer/st/stm32cubeide_1.12.0/plugins/com.st.stm32cube.ide.mcu.externaltools.gnu-tools-for-stm32.13.3.rel1.linux64_1.0.0.202410170706/tools/bin/../lib/gcc/arm-none-eabi/13.3.1/../../../../arm-none-eabi/lib/thumb/v7e-m+fp/hard/libc_nano.a(libc_a-findfp.o)
                              /home/amer/st/stm32cubeide_1.12.0/plugins/com.st.stm32cube.ide.mcu.externaltools.gnu-tools-for-stm32.13.3.rel1.linux64_1.0.0.202410170706/tools/bin/../lib/gcc/arm-none-eabi/13.3.1/../../../../arm-none-eabi/lib/thumb/v7e-m+fp/hard/libc_nano.a(libc_a-exit.o) (__stdio_exit_handler)
/home/amer/st/stm32cubeide_1.12.0/plugins/com.st.stm32cube.ide.mcu.externaltools.gnu-tools-for-stm32.13.3.rel1.linux64_1.0.0.202410170706/tools/bin/../lib/gcc/arm-none-eabi/13.3.1/../../../../arm-none-eabi/lib/thumb/v7e-m+fp/hard/libc_nano.a(libc_a-fwalk.o)
                              /home/amer/st/stm32cubeide_1.12.0/plugins/com.st.stm32cube.ide.mcu.externaltools.gnu-tools-for-stm32.13.3.rel1.linux64_1.0.0.202410170706/tools/bin/../lib/gcc/arm-none-eabi/13.3.1/../../../../arm-none-eabi/lib/thumb/v7e-m+fp/hard/libc_nano.a(libc_a-findfp.o) (_fwalk_sglue)
/home/amer/st/stm32cubeide_1.12.0/plugins/com.st.stm32cube.ide.mcu.externaltools.gnu-tools-for-stm32.13.3.rel1.linux64_1.0.0.202410170706/tools/bin/../lib/gcc/arm-none-eabi/13.3.1/../../../../arm-none-eabi/lib/thumb/v7e-m+fp/hard/libc_nano.a(libc_a-stdio.o)
                              /home/amer/st/stm32cubeide_1.12.0/plugins/com.st.stm32cube.ide.mcu.externaltools.gnu-tools-for-stm32.13.3.rel1.linux64_1.0.0.202410170706/tools/bin/../lib/gcc/arm-none-eabi/13.3.1/../../../../arm-none-eabi/lib/thumb/v7e-m+fp/hard/libc_nano.a(libc_a-findfp.o) (__sread)
/home/amer/st/stm32cubeide_1.12.0/plugins/com.st.stm32cube.ide.mcu.externaltools.gnu-tools-for-stm32.13.3.rel1.linux64_1.0.0.202410170706/tools/bin/../lib/gcc/arm-none-eabi/13.3.1/../../../../arm-none-eabi/lib/thumb/v7e-m+fp/hard/libc_nano.a(libc_a-memset.o)
                              /home/amer/st/stm32cubeide_1.12.0/plugins/com.st.stm32cube.ide.mcu.externaltools.gnu-tools-for-stm32.13.3.rel1.linux64_1.0.0.202410170706/tools/bin/../lib/gcc/arm-none-eabi/13.3.1/../../../../arm-none-eabi/lib/thumb/v7e-m+fp/hard/crt0.o (memset)
/home/amer/st/stm32cubeide_1.12.0/plugins/com.st.stm32cube.ide.mcu.externaltools.gnu-tools-for-stm32.13.3.rel1.linux64_1.0.0.202410170706/tools/bin/../lib/gcc/arm-none-eabi/13.3.1/../../../../arm-none-eabi/lib/thumb/v7e-m+fp/hard/libc_nano.a(libc_a-closer.o)
                              /home/amer/st/stm32cubeide_1.12.0/plugins/com.st.stm32cube.ide.mcu.externaltools.gnu-tools-for-stm32.13.3.rel1.linux64_1.0.0.202410170706/tools/bin/../lib/gcc/arm-none-eabi/13.3.1/../../../../arm-none-eabi/lib/thumb/v7e-m+fp/hard/libc_nano.a(libc_a-stdio.o) (_close_r)
[...]
Memory Configuration

Name             Origin             Length             Attributes
RAM              0x20000000         0x00010000         xrw
FLASH            0x08000000         0x00020000         xr
*default*        0x00000000         0xffffffff

Linker script and memory map

LOAD /home/amer/st/stm32cubeide_1.12.0/plugins/com.st.stm32cube.ide.mcu.externaltools.gnu-tools-for-stm32.13.3.rel1.linux64_1.0.0.202410170706/tools/bin/../lib/gcc/arm-none-eabi/13.3.1/thumb/v7e-m+fp/hard/crti.o
LOAD /home/amer/st/stm32cubeide_1.12.0/plugins/com.st.stm32cube.ide.mcu.externaltools.gnu-tools-for-stm32.13.3.rel1.linux64_1.0.0.202410170706/tools/bin/../lib/gcc/arm-none-eabi/13.3.1/thumb/v7e-m+fp/hard/crtbegin.o
LOAD /home/amer/st/stm32cubeide_1.12.0/plugins/com.st.stm32cube.ide.mcu.externaltools.gnu-tools-for-stm32.13.3.rel1.linux64_1.0.0.202410170706/tools/bin/../lib/gcc/arm-none-eabi/13.3.1/../../../../arm-none-eabi/lib/thumb/v7e-m+fp/hard/crt0.o
LOAD ./Core/Src/gpio.o
LOAD ./Core/Src/main.o
LOAD ./Core/Src/spi.o
LOAD ./Core/Src/stm32f4xx_hal_msp.o
LOAD ./Core/Src/stm32f4xx_it.o
LOAD ./Core/Src/syscalls.o
LOAD ./Core/Src/sysmem.o
LOAD ./Core/Src/system_stm32f4xx.o
LOAD ./Core/Startup/startup_stm32f401cbux.o
LOAD ./Drivers/STM32F4xx_HAL_Driver/Src/stm32f4xx_hal.o
LOAD ./Drivers/STM32F4xx_HAL_Driver/Src/stm32f4xx_hal_cortex.o
LOAD ./Drivers/STM32F4xx_HAL_Driver/Src/stm32f4xx_hal_dma.o
LOAD ./Drivers/STM32F4xx_HAL_Driver/Src/stm32f4xx_hal_dma_ex.o
LOAD ./Drivers/STM32F4xx_HAL_Driver/Src/stm32f4xx_hal_exti.o
LOAD ./Drivers/STM32F4xx_HAL_Driver/Src/stm32f4xx_hal_flash.o
LOAD ./Drivers/STM32F4xx_HAL_Driver/Src/stm32f4xx_hal_flash_ex.o
LOAD ./Drivers/STM32F4xx_HAL_Driver/Src/stm32f4xx_hal_flash_ramfunc.o
LOAD ./Drivers/STM32F4xx_HAL_Driver/Src/stm32f4xx_hal_gpio.o
LOAD ./Drivers/STM32F4xx_HAL_Driver/Src/stm32f4xx_hal_pwr.o
LOAD ./Drivers/STM32F4xx_HAL_Driver/Src/stm32f4xx_hal_pwr_ex.o
LOAD ./Drivers/STM32F4xx_HAL_Driver/Src/stm32f4xx_hal_rcc.o
LOAD ./Drivers/STM32F4xx_HAL_Driver/Src/stm32f4xx_hal_rcc_ex.o
LOAD ./Drivers/STM32F4xx_HAL_Driver/Src/stm32f4xx_hal_spi.o
LOAD ./Drivers/st7735/fonts.o
LOAD ./Drivers/st7735/st7735.o
START GROUP
LOAD /home/amer/st/stm32cubeide_1.12.0/plugins/com.st.stm32cube.ide.mcu.externaltools.gnu-tools-for-stm32.13.3.rel1.linux64_1.0.0.202410170706/tools/bin/../lib/gcc/arm-none-eabi/13.3.1/../../../../arm-none-eabi/lib/thumb/v7e-m+fp/hard/libc_nano.a
LOAD /home/amer/st/stm32cubeide_1.12.0/plugins/com.st.stm32cube.ide.mcu.externaltools.gnu-tools-for-stm32.13.3.rel1.linux64_1.0.0.202410170706/tools/bin/../lib/gcc/arm-none-eabi/13.3.1/../../../../arm-none-eabi/lib/thumb/v7e-m+fp/hard/libm.a
END GROUP
START GROUP
LOAD /home/amer/st/stm32cubeide_1.12.0/plugins/com.st.stm32cube.ide.mcu.externaltools.gnu-tools-for-stm32.13.3.rel1.linux64_1.0.0.202410170706/tools/bin/../lib/gcc/arm-none-eabi/13.3.1/thumb/v7e-m+fp/hard/libgcc.a
LOAD /home/amer/st/stm32cubeide_1.12.0/plugins/com.st.stm32cube.ide.mcu.externaltools.gnu-tools-for-stm32.13.3.rel1.linux64_1.0.0.202410170706/tools/bin/../lib/gcc/arm-none-eabi/13.3.1/../../../../arm-none-eabi/lib/thumb/v7e-m+fp/hard/libc_nano.a
END GROUP
START GROUP
LOAD /home/amer/st/stm32cubeide_1.12.0/plugins/com.st.stm32cube.ide.mcu.externaltools.gnu-tools-for-stm32.13.3.rel1.linux64_1.0.0.202410170706/tools/bin/../lib/gcc/arm-none-eabi/13.3.1/thumb/v7e-m+fp/hard/libgcc.a
LOAD /home/amer/st/stm32cubeide_1.12.0/plugins/com.st.stm32cube.ide.mcu.externaltools.gnu-tools-for-stm32.13.3.rel1.linux64_1.0.0.202410170706/tools/bin/../lib/gcc/arm-none-eabi/13.3.1/../../../../arm-none-eabi/lib/thumb/v7e-m+fp/hard/libc_nano.a
LOAD /home/amer/st/stm32cubeide_1.12.0/plugins/com.st.stm32cube.ide.mcu.externaltools.gnu-tools-for-stm32.13.3.rel1.linux64_1.0.0.202410170706/tools/bin/../lib/gcc/arm-none-eabi/13.3.1/../../../../arm-none-eabi/lib/thumb/v7e-m+fp/hard/libnosys.a
END GROUP
START GROUP
LOAD /home/amer/st/stm32cubeide_1.12.0/plugins/com.st.stm32cube.ide.mcu.externaltools.gnu-tools-for-stm32.13.3.rel1.linux64_1.0.0.202410170706/tools/bin/../lib/gcc/arm-none-eabi/13.3.1/thumb/v7e-m+fp/hard/libgcc.a
LOAD /home/amer/st/stm32cubeide_1.12.0/plugins/com.st.stm32cube.ide.mcu.externaltools.gnu-tools-for-stm32.13.3.rel1.linux64_1.0.0.202410170706/tools/bin/../lib/gcc/arm-none-eabi/13.3.1/../../../../arm-none-eabi/lib/thumb/v7e-m+fp/hard/libc_nano.a
LOAD /home/amer/st/stm32cubeide_1.12.0/plugins/com.st.stm32cube.ide.mcu.externaltools.gnu-tools-for-stm32.13.3.rel1.linux64_1.0.0.202410170706/tools/bin/../lib/gcc/arm-none-eabi/13.3.1/../../../../arm-none-eabi/lib/thumb/v7e-m+fp/hard/libnosys.a
END GROUP
LOAD /home/amer/st/stm32cubeide_1.12.0/plugins/com.st.stm32cube.ide.mcu.externaltools.gnu-tools-for-stm32.13.3.rel1.linux64_1.0.0.202410170706/tools/bin/../lib/gcc/arm-none-eabi/13.3.1/thumb/v7e-m+fp/hard/crtend.o
LOAD /home/amer/st/stm32cubeide_1.12.0/plugins/com.st.stm32cube.ide.mcu.externaltools.gnu-tools-for-stm32.13.3.rel1.linux64_1.0.0.202410170706/tools/bin/../lib/gcc/arm-none-eabi/13.3.1/thumb/v7e-m+fp/hard/crtn.o
                0x20010000                        _estack = (ORIGIN (RAM) + LENGTH (RAM))
                0x00000200                        _Min_Heap_Size = 0x200
                0x00000400                        _Min_Stack_Size = 0x400

.isr_vector     0x08000000      0x194
                0x08000000                        . = ALIGN (0x4)
 *(.isr_vector)
 .isr_vector    0x08000000      0x194 ./Core/Startup/startup_stm32f401cbux.o
                0x08000000                g_pfnVectors
                0x08000194                        . = ALIGN (0x4)

.text           0x08000194     0x204c
                0x08000194                        . = ALIGN (0x4)
 *(.text)
 .text          0x08000194       0x40 /home/amer/st/stm32cubeide_1.12.0/plugins/com.st.stm32cube.ide.mcu.externaltools.gnu-tools-for-stm32.13.3.rel1.linux64_1.0.0.202410170706/tools/bin/../lib/gcc/arm-none-eabi/13.3.1/thumb/v7e-m+fp/hard/crtbegin.o
 .text          0x080001d4       0x30 /home/amer/st/stm32cubeide_1.12.0/plugins/com.st.stm32cube.ide.mcu.externaltools.gnu-tools-for-stm32.13.3.rel1.linux64_1.0.0.202410170706/tools/bin/../lib/gcc/arm-none-eabi/13.3.1/thumb/v7e-m+fp/hard/libgcc.a(_aeabi_uldivmod.o)
                0x080001d4                __aeabi_uldivmod
 .text          0x08000204      0x2f8 /home/amer/st/stm32cubeide_1.12.0/plugins/com.st.stm32cube.ide.mcu.externaltools.gnu-tools-for-stm32.13.3.rel1.linux64_1.0.0.202410170706/tools/bin/../lib/gcc/arm-none-eabi/13.3.1/thumb/v7e-m+fp/hard/libgcc.a(_udivmoddi4.o)
                0x08000204                __udivmoddi4
 .text          0x080004fc        0x4 /home/amer/st/stm32cubeide_1.12.0/plugins/com.st.stm32cube.ide.mcu.externaltools.gnu-tools-for-stm32.13.3.rel1.linux64_1.0.0.202410170706/tools/bin/../lib/gcc/arm-none-eabi/13.3.1/thumb/v7e-m+fp/hard/libgcc.a(_dvmd_tls.o)
                0x080004fc                __aeabi_ldiv0
                0x080004fc                __aeabi_idiv0
 *(.text*)
 .text.MX_GPIO_Init
                0x08000500       0xb4 ./Core/Src/gpio.o
                0x08000500                MX_GPIO_Init
 .text.main     0x080005b4       0x50 ./Core/Src/main.o
                0x080005b4                main
 .text.SystemClock_Config
                0x08000604       0xd4 ./Core/Src/main.o
                0x08000604                SystemClock_Config
 .text.Error_Handler
                0x080006d8        0xc ./Core/Src/main.o
                0x080006d8                Error_Handler
 .text.MX_SPI1_Init
                0x080006e4       0x70 ./Core/Src/spi.o
                0x080006e4                MX_SPI1_Init
 .text.HAL_SPI_MspInit
                0x08000754       0x90 ./Core/Src/spi.o
                0x08000754                HAL_SPI_MspInit
 .text.HAL_MspInit
                0x080007e4       0x50 ./Core/Src/stm32f4xx_hal_msp.o
                0x080007e4                HAL_MspInit
 .text.NMI_Handler
                0x08000834        0x8 ./Core/Src/stm32f4xx_it.o
                0x08000834                NMI_Handler
 .text.HardFault_Handler
                0x0800083c        0x8 ./Core/Src/stm32f4xx_it.o
                0x0800083c                HardFault_Handler
 .text.MemManage_Handler
                0x08000844        0x8 ./Core/Src/stm32f4xx_it.o
                0x08000844                MemManage_Handler
 .text.BusFault_Handler
                0x0800084c        0x8 ./Core/Src/stm32f4xx_it.o
                0x0800084c                BusFault_Handler
 .text.UsageFault_Handler
                0x08000854        0x8 ./Core/Src/stm32f4xx_it.o
                0x08000854                UsageFault_Handler
 .text.SVC_Handler
                0x0800085c        0xe ./Core/Src/stm32f4xx_it.o
                0x0800085c                SVC_Handler
 .text.DebugMon_Handler
                0x0800086a        0xe ./Core/Src/stm32f4xx_it.o
                0x0800086a                DebugMon_Handler
 .text.PendSV_Handler
                0x08000878        0xe ./Core/Src/stm32f4xx_it.o
                0x08000878                PendSV_Handler
 .text.SysTick_Handler
                0x08000886        0xc ./Core/Src/stm32f4xx_it.o
                0x08000886                SysTick_Handler
 *fill*         0x08000892        0x2 
 .text.SystemInit
                0x08000894       0x24 ./Core/Src/system_stm32f4xx.o
                0x08000894                SystemInit
 .text.Reset_Handler
                0x080008b8       0x50 ./Core/Startup/startup_stm32f401cbux.o
                0x080008b8                Reset_Handler
 .text.Default_Handler
                0x08000908        0x2 ./Core/Startup/startup_stm32f401cbux.o
                0x08000908                RTC_Alarm_IRQHandler
                0x08000908                EXTI2_IRQHandler
                0x08000908                SPI4_IRQHandler
                0x08000908                TIM1_CC_IRQHandler
                0x08000908                DMA2_Stream5_IRQHandler
                0x08000908                DMA1_Stream5_IRQHandler
                0x08000908                PVD_IRQHandler
                0x08000908                SDIO_IRQHandler
                0x08000908                TAMP_STAMP_IRQHandler
                0x08000908                EXTI3_IRQHandler
                0x08000908                TIM1_UP_TIM10_IRQHandler
                0x08000908                I2C3_ER_IRQHandler
                0x08000908                EXTI0_IRQHandler
                0x08000908                I2C2_EV_IRQHandler
                0x08000908                DMA1_Stream2_IRQHandler
                0x08000908                FPU_IRQHandler
                0x08000908                DMA2_Stream2_IRQHandler
                0x08000908                SPI1_IRQHandler
                0x08000908                TIM1_BRK_TIM9_IRQHandler
                0x08000908                DMA2_Stream3_IRQHandler
                0x08000908                USART6_IRQHandler
                0x08000908                DMA2_Stream0_IRQHandler
                0x08000908                TIM4_IRQHandler
                0x08000908                I2C1_EV_IRQHandler
                0x08000908                DMA1_Stream6_IRQHandler
                0x08000908                DMA1_Stream1_IRQHandler
                0x08000908                TIM3_IRQHandler
                0x08000908                RCC_IRQHandler
                0x08000908                Default_Handler
                0x08000908                EXTI15_10_IRQHandler
                0x08000908                ADC_IRQHandler
                0x08000908                DMA1_Stream7_IRQHandler
                0x08000908                TIM5_IRQHandler
                0x08000908                DMA2_Stream7_IRQHandler
                0x08000908                I2C3_EV_IRQHandler
                0x08000908                EXTI9_5_IRQHandler
                0x08000908                RTC_WKUP_IRQHandler
                0x08000908                SPI2_IRQHandler
                0x08000908                DMA1_Stream0_IRQHandler
                0x08000908                EXTI4_IRQHandler
                0x08000908                WWDG_IRQHandler
                0x08000908                TIM2_IRQHandler
                0x08000908                OTG_FS_WKUP_IRQHandler
                0x08000908                TIM1_TRG_COM_TIM11_IRQHandler
                0x08000908                EXTI1_IRQHandler
                0x08000908                USART2_IRQHandler
                0x08000908                I2C2_ER_IRQHandler
                0x08000908                DMA2_Stream1_IRQHandler
                0x08000908                FLASH_IRQHandler
                0x08000908                DMA2_Stream4_IRQHandler
                0x08000908                USART1_IRQHandler
                0x08000908                OTG_FS_IRQHandler
                0x08000908                SPI3_IRQHandler
                0x08000908                DMA1_Stream4_IRQHandler
                0x08000908                I2C1_ER_IRQHandler
                0x08000908                DMA2_Stream6_IRQHandler
                0x08000908                DMA1_Stream3_IRQHandler
 *fill*         0x0800090a        0x2 
 .text.HAL_Init
                0x0800090c       0x44 ./Drivers/STM32F4xx_HAL_Driver/Src/stm32f4xx_hal.o
                0x0800090c                HAL_Init
 .text.HAL_InitTick
                0x08000950       0x60 ./Drivers/STM32F4xx_HAL_Driver/Src/stm32f4xx_hal.o
                0x08000950                HAL_InitTick
 .text.HAL_IncTick
                0x080009b0       0x28 ./Drivers/STM32F4xx_HAL_Driver/Src/stm32f4xx_hal.o
                0x080009b0                HAL_IncTick
 .text.HAL_GetTick
                0x080009d8       0x18 ./Drivers/STM32F4xx_HAL_Driver/Src/stm32f4xx_hal.o
                0x080009d8                HAL_GetTick
 .text.HAL_Delay
                0x080009f0       0x48 ./Drivers/STM32F4xx_HAL_Driver/Src/stm32f4xx_hal.o
                0x080009f0                HAL_Delay
 .text.__NVIC_SetPriorityGrouping
                0x08000a38       0x48 ./Drivers/STM32F4xx_HAL_Driver/Src/stm32f4xx_hal_cortex.o
 .text.__NVIC_GetPriorityGrouping
                0x08000a80       0x1c ./Drivers/STM32F4xx_HAL_Driver/Src/stm32f4xx_hal_cortex.o
 .text.__NVIC_SetPriority
                0x08000a9c       0x54 ./Drivers/STM32F4xx_HAL_Driver/Src/stm32f4xx_hal_cortex.o
 .text.NVIC_EncodePriority
                0x08000af0       0x66 ./Drivers/STM32F4xx_HAL_Driver/Src/stm32f4xx_hal_cortex.o
 *fill*         0x08000b56        0x2 
 .text.SysTick_Config
                0x08000b58       0x44 ./Drivers/STM32F4xx_HAL_Driver/Src/stm32f4xx_hal_cortex.o
 .text.HAL_NVIC_SetPriorityGrouping
                0x08000b9c       0x16 ./Drivers/STM32F4xx_HAL_Driver/Src/stm32f4xx_hal_cortex.o
                0x08000b9c                HAL_NVIC_SetPriorityGrouping
 .text.HAL_NVIC_SetPriority
                0x08000bb2       0x38 ./Drivers/STM32F4xx_HAL_Driver/Src/stm32f4xx_hal_cortex.o
                0x08000bb2                HAL_NVIC_SetPriority
 .text.HAL_SYSTICK_Config
                0x08000bea       0x18 ./Drivers/STM32F4xx_HAL_Driver/Src/stm32f4xx_hal_cortex.o
                0x08000bea                HAL_SYSTICK_Config
 *fill*         0x08000c02        0x2 
 .text.HAL_GPIO_Init
                0x08000c04      0x308 ./Drivers/STM32F4xx_HAL_Driver/Src/stm32f4xx_hal_gpio.o
                0x08000c04                HAL_GPIO_Init
 .text.HAL_GPIO_WritePin
                0x08000f0c       0x32 ./Drivers/STM32F4xx_HAL_Driver/Src/stm32f4xx_hal_gpio.o
                0x08000f0c                HAL_GPIO_WritePin
 *fill*         0x08000f3e        0x2 
 .text.HAL_RCC_OscConfig
                0x08000f40      0x4f0 ./Drivers/STM32F4xx_HAL_Driver/Src/stm32f4xx_hal_rcc.o
                0x08000f40                HAL_RCC_OscConfig
 .text.HAL_RCC_ClockConfig
                0x08001430      0x1cc ./Drivers/STM32F4xx_HAL_Driver/Src/stm32f4xx_hal_rcc.o
                0x08001430                HAL_RCC_ClockConfig
 .text.HAL_RCC_GetSysClockFreq
                0x080015fc      0x18c ./Drivers/STM32F4xx_HAL_Driver/Src/stm32f4xx_hal_rcc.o
                0x080015fc                HAL_RCC_GetSysClockFreq
 .text.HAL_SPI_Init
                0x08001788      0x112 ./Drivers/STM32F4xx_HAL_Driver/Src/stm32f4xx_hal_spi.o
                0x08001788                HAL_SPI_Init
 .text.HAL_SPI_Transmit
                0x0800189a      0x288 ./Drivers/STM32F4xx_HAL_Driver/Src/stm32f4xx_hal_spi.o
                0x0800189a                HAL_SPI_Transmit
 *fill*         0x08001b22        0x2 
 .text.SPI_WaitFlagStateUntilTimeout
                0x08001b24      0x110 ./Drivers/STM32F4xx_HAL_Driver/Src/stm32f4xx_hal_spi.o
 .text.SPI_EndRxTxTransaction
                0x08001c34       0xa8 ./Drivers/STM32F4xx_HAL_Driver/Src/stm32f4xx_hal_spi.o
 .text.ST7735_Select
                0x08001cdc       0x18 ./Drivers/st7735/st7735.o
 .text.ST7735_Unselect
                0x08001cf4       0x18 ./Drivers/st7735/st7735.o
                0x08001cf4                ST7735_Unselect
 .text.ST7735_Reset
                0x08001d0c       0x28 ./Drivers/st7735/st7735.o
 .text.ST7735_WriteCommand
                0x08001d34       0x34 ./Drivers/st7735/st7735.o
 .text.ST7735_WriteData
                0x08001d68       0x38 ./Drivers/st7735/st7735.o
 .text.ST7735_ExecuteCommandList
                0x08001da0       0x92 ./Drivers/st7735/st7735.o
 .text.ST7735_SetAddressWindow
                0x08001e32       0x78 ./Drivers/st7735/st7735.o
 *fill*         0x08001eaa        0x2 
 .text.ST7735_Init
                0x08001eac       0x34 ./Drivers/st7735/st7735.o
                0x08001eac                ST7735_Init
 .text.ST7735_WriteChar
                0x08001ee0       0xee ./Drivers/st7735/st7735.o
 .text.ST7735_WriteString
                0x08001fce       0x94 ./Drivers/st7735/st7735.o
                0x08001fce                ST7735_WriteString
 *fill*         0x08002062        0x2 
 .text.ST7735_FillRectangle
                0x08002064       0xe8 ./Drivers/st7735/st7735.o
                0x08002064                ST7735_FillRectangle
 .text.ST7735_FillScreen
                0x0800214c       0x22 ./Drivers/st7735/st7735.o
                0x0800214c                ST7735_FillScreen
 .text.memset   0x0800216e       0x10 /home/amer/st/stm32cubeide_1.12.0/plugins/com.st.stm32cube.ide.mcu.externaltools.gnu-tools-for-stm32.13.3.rel1.linux64_1.0.0.202410170706/tools/bin/../lib/gcc/arm-none-eabi/13.3.1/../../../../arm-none-eabi/lib/thumb/v7e-m+fp/hard/libc_nano.a(libc_a-memset.o)
                0x0800216e                memset
 *fill*         0x0800217e        0x2 
 .text.__libc_init_array
                0x08002180       0x48 /home/amer/st/stm32cubeide_1.12.0/plugins/com.st.stm32cube.ide.mcu.externaltools.gnu-tools-for-stm32.13.3.rel1.linux64_1.0.0.202410170706/tools/bin/../lib/gcc/arm-none-eabi/13.3.1/../../../../arm-none-eabi/lib/thumb/v7e-m+fp/hard/libc_nano.a(libc_a-init.o)
                0x08002180                __libc_init_array
 *(.glue_7)
 .glue_7        0x080021c8        0x0 linker stubs
 *(.glue_7t)
 .glue_7t       0x080021c8        0x0 linker stubs
 *(.eh_frame)
 .eh_frame      0x080021c8        0x0 /home/amer/st/stm32cubeide_1.12.0/plugins/com.st.stm32cube.ide.mcu.externaltools.gnu-tools-for-stm32.13.3.rel1.linux64_1.0.0.202410170706/tools/bin/../lib/gcc/arm-none-eabi/13.3.1/thumb/v7e-m+fp/hard/crtbegin.o
 *(.init)
 .init          0x080021c8        0x4 /home/amer/st/stm32cubeide_1.12.0/plugins/com.st.stm32cube.ide.mcu.externaltools.gnu-tools-for-stm32.13.3.rel1.linux64_1.0.0.202410170706/tools/bin/../lib/gcc/arm-none-eabi/13.3.1/thumb/v7e-m+fp/hard/crti.o
                0x080021c8                _init
 .init          0x080021cc        0x8 /home/amer/st/stm32cubeide_1.12.0/plugins/com.st.stm32cube.ide.mcu.externaltools.gnu-tools-for-stm32.13.3.rel1.linux64_1.0.0.202410170706/tools/bin/../lib/gcc/arm-none-eabi/13.3.1/thumb/v7e-m+fp/hard/crtn.o
 *(.fini)
 .fini          0x080021d4        0x4 /home/amer/st/stm32cubeide_1.12.0/plugins/com.st.stm32cube.ide.mcu.externaltools.gnu-tools-for-stm32.13.3.rel1.linux64_1.0.0.202410170706/tools/bin/../lib/gcc/arm-none-eabi/13.3.1/thumb/v7e-m+fp/hard/crti.o
                0x080021d4                _fini
 .fini          0x080021d8        0x8 /home/amer/st/stm32cubeide_1.12.0/plugins/com.st.stm32cube.ide.mcu.externaltools.gnu-tools-for-stm32.13.3.rel1.linux64_1.0.0.202410170706/tools/bin/../lib/gcc/arm-none-eabi/13.3.1/thumb/v7e-m+fp/hard/crtn.o
                0x080021e0                        . = ALIGN (0x4)
                0x080021e0                        _etext = .

.vfp11_veneer   0x080021e0        0x0
 .vfp11_veneer  0x080021e0        0x0 linker stubs

.v4_bx          0x080021e0        0x0
 .v4_bx         0x080021e0        0x0 linker stubs

.iplt           0x080021e0        0x0
 .iplt          0x080021e0        0x0 /home/amer/st/stm32cubeide_1.12.0/plugins/com.st.stm32cube.ide.mcu.externaltools.gnu-tools-for-stm32.13.3.rel1.linux64_1.0.0.202410170706/tools/bin/../lib/gcc/arm-none-eabi/13.3.1/thumb/v7e-m+fp/hard/crtbegin.o

.rodata         0x080021e0      0xe04
                0x080021e0                        . = ALIGN (0x4)
 *(.rodata)
 .rodata        0x080021e0       0x20 ./Core/Src/main.o
 *(.rodata*)
 .rodata.AHBPrescTable
                0x08002200       0x10 ./Core/Src/system_stm32f4xx.o
                0x08002200                AHBPrescTable
 .rodata.Font11x18
                0x08002210      0xd5c ./Drivers/st7735/fonts.o
 .rodata.init_cmds1
                0x08002f6c       0x3b ./Drivers/st7735/st7735.o
 *fill*         0x08002fa7        0x1 
 .rodata.init_cmds2
                0x08002fa8        0xd ./Drivers/st7735/st7735.o
 *fill*         0x08002fb5        0x3 
 .rodata.init_cmds3
                0x08002fb8       0x2b ./Drivers/st7735/st7735.o
                0x08002fe4                        . = ALIGN (0x4)
 *fill*         0x08002fe3        0x1 

.ARM.extab      0x08002fe4        0x0
                0x08002fe4                        . = ALIGN (0x4)
 *(.ARM.extab* .gnu.linkonce.armextab.*)
                0x08002fe4                        . = ALIGN (0x4)

.ARM            0x08002fe4        0x8
                0x08002fe4                        . = ALIGN (0x4)
                0x08002fe4                        __exidx_start = .
 *(.ARM.exidx*)
 .ARM.exidx     0x08002fe4        0x8 /home/amer/st/stm32cubeide_1.12.0/plugins/com.st.stm32cube.ide.mcu.externaltools.gnu-tools-for-stm32.13.3.rel1.linux64_1.0.0.202410170706/tools/bin/../lib/gcc/arm-none-eabi/13.3.1/thumb/v7e-m+fp/hard/libgcc.a(_udivmoddi4.o)
                0x08002fec                        __exidx_end = .
                0x08002fec                        . = ALIGN (0x4)

.preinit_array  0x08002fec        0x0
                0x08002fec                        . = ALIGN (0x4)
                0x08002fec                        PROVIDE (__preinit_array_start = .)
 *(.preinit_array*)
                0x08002fec                        PROVIDE (__preinit_array_end = .)
                0x08002fec                        . = ALIGN (0x4)

.init_array     0x08002fec        0x4
                0x08002fec                        . = ALIGN (0x4)
                0x08002fec                        PROVIDE (__init_array_start = .)
 *(SORT_BY_NAME(.init_array.*))
 *(.init_array*)
 .init_array    0x08002fec        0x4 /home/amer/st/stm32cubeide_1.12.0/plugins/com.st.stm32cube.ide.mcu.externaltools.gnu-tools-for-stm32.13.3.rel1.linux64_1.0.0.202410170706/tools/bin/../lib/gcc/arm-none-eabi/13.3.1/thumb/v7e-m+fp/hard/crtbegin.o
                0x08002ff0                        PROVIDE (__init_array_end = .)
                0x08002ff0                        . = ALIGN (0x4)

.fini_array     0x08002ff0        0x4
                0x08002ff0                        . = ALIGN (0x4)
                [!provide]                        PROVIDE (__fini_array_start = .)
 *(SORT_BY_NAME(.fini_array.*))
 *(.fini_array*)
 .fini_array    0x08002ff0        0x4 /home/amer/st/stm32cubeide_1.12.0/plugins/com.st.stm32cube.ide.mcu.externaltools.gnu-tools-for-stm32.13.3.rel1.linux64_1.0.0.202410170706/tools/bin/../lib/gcc/arm-none-eabi/13.3.1/thumb/v7e-m+fp/hard/crtbegin.o
                [!provide]                        PROVIDE (__fini_array_end = .)
                0x08002ff4                        . = ALIGN (0x4)
                0x08002ff4                        _sidata = LOADADDR (.data)

.rel.dyn        0x08002ff4        0x0
 .rel.iplt      0x08002ff4        0x0 /home/amer/st/stm32cubeide_1.12.0/plugins/com.st.stm32cube.ide.mcu.externaltools.gnu-tools-for-stm32.13.3.rel1.linux64_1.0.0.202410170706/tools/bin/../lib/gcc/arm-none-eabi/13.3.1/thumb/v7e-m+fp/hard/crtbegin.o

.data           0x20000000       0x14 load address 0x08002ff4
                0x20000000                        . = ALIGN (0x4)
                0x20000000                        _sdata = .
 *(.data)
 *(.data*)
 .data.SystemCoreClock
                0x20000000        0x4 ./Core/Src/system_stm32f4xx.o
                0x20000000                SystemCoreClock
 .data.uwTickPrio
                0x20000004        0x4 ./Drivers/STM32F4xx_HAL_Driver/Src/stm32f4xx_hal.o
                0x20000004                uwTickPrio
 .data.uwTickFreq
                0x20000008        0x1 ./Drivers/STM32F4xx_HAL_Driver/Src/stm32f4xx_hal.o
                0x20000008                uwTickFreq
 *fill*         0x20000009        0x3 
 .data.Font_11x18
                0x2000000c        0x8 ./Drivers/st7735/fonts.o
                0x2000000c                Font_11x18
 *(.RamFunc)
 *(.RamFunc*)
                0x20000014                        . = ALIGN (0x4)
                0x20000014                        _edata = .

.igot.plt       0x20000014        0x0 load address 0x08003008
 .igot.plt      0x20000014        0x0 /home/amer/st/stm32cubeide_1.12.0/plugins/com.st.stm32cube.ide.mcu.externaltools.gnu-tools-for-stm32.13.3.rel1.linux64_1.0.0.202410170706/tools/bin/../lib/gcc/arm-none-eabi/13.3.1/thumb/v7e-m+fp/hard/crtbegin.o
                0x20000014                        . = ALIGN (0x4)

.bss            0x20000014       0x78 load address 0x08003008
                0x20000014                        _sbss = .
                0x20000014                        __bss_start__ = _sbss
 *(.bss)
 .bss           0x20000014       0x1c /home/amer/st/stm32cubeide_1.12.0/plugins/com.st.stm32cube.ide.mcu.externaltools.gnu-tools-for-stm32.13.3.rel1.linux64_1.0.0.202410170706/tools/bin/../lib/gcc/arm-none-eabi/13.3.1/thumb/v7e-m+fp/hard/crtbegin.o
 *(.bss*)
 .bss.hspi1     0x20000030       0x58 ./Core/Src/spi.o
                0x20000030                hspi1
 .bss.uwTick    0x20000088        0x4 ./Drivers/STM32F4xx_HAL_Driver/Src/stm32f4xx_hal.o
                0x20000088                uwTick
 *(COMMON)
                0x2000008c                        . = ALIGN (0x4)
                0x2000008c                        _ebss = .
                0x2000008c                        __bss_end__ = _ebss

._user_heap_stack
                0x2000008c      0x604 load address 0x08003008
                0x20000090                        . = ALIGN (0x8)
 *fill*         0x2000008c        0x4 
                [!provide]                        PROVIDE (end = .)
                0x20000090                        PROVIDE (_end = .)
                0x20000290                        . = (. + _Min_Heap_Size)
 *fill*         0x20000090      0x200 
                0x20000690                        . = (. + _Min_Stack_Size)
 *fill*         0x20000290      0x400 
                0x20000690                        . = ALIGN (0x8)

/DISCARD/
 libc.a(*)
 libm.a(*)
 libgcc.a(*)

.ARM.attributes
                0x00000000       0x30
 *(.ARM.attributes)
 .ARM.attributes
                0x00000000       0x22 /home/amer/st/stm32cubeide_1.12.0/plugins/com.st.stm32cube.ide.mcu.externaltools.gnu-tools-for-stm32.13.3.rel1.linux64_1.0.0.202410170706/tools/bin/../lib/gcc/arm-none-eabi/13.3.1/thumb/v7e-m+fp/hard/crti.o
 .ARM.attributes
                0x00000022       0x34 /home/amer/st/stm32cubeide_1.12.0/plugins/com.st.stm32cube.ide.mcu.externaltools.gnu-tools-for-stm32.13.3.rel1.linux64_1.0.0.202410170706/tools/bin/../lib/gcc/arm-none-eabi/13.3.1/thumb/v7e-m+fp/hard/crtbegin.o
 .ARM.attributes
                0x00000056       0x34 ./Core/Src/gpio.o
 .ARM.attributes
                0x0000008a       0x34 ./Core/Src/main.o
 .ARM.attributes
                0x000000be       0x34 ./Core/Src/spi.o
 .ARM.attributes
                0x000000f2       0x34 ./Core/Src/stm32f4xx_hal_msp.o
 .ARM.attributes
                0x00000126       0x34 ./Core/Src/stm32f4xx_it.o
 .ARM.attributes
                0x0000015a       0x34 ./Core/Src/system_stm32f4xx.o
 .ARM.attributes
                0x0000018e       0x21 ./Core/Startup/startup_stm32f401cbux.o
 .ARM.attributes
                0x000001af       0x34 ./Drivers/STM32F4xx_HAL_Driver/Src/stm32f4xx_hal.o
 .ARM.attributes
                0x000001e3       0x34 ./Drivers/STM32F4xx_HAL_Driver/Src/stm32f4xx_hal_cortex.o
 .ARM.attributes
                0x00000217       0x34 ./Drivers/STM32F4xx_HAL_Driver/Src/stm32f4xx_hal_gpio.o
 .ARM.attributes
                0x0000024b       0x34 ./Drivers/STM32F4xx_HAL_Driver/Src/stm32f4xx_hal_rcc.o
 .ARM.attributes
                0x0000027f       0x34 ./Drivers/STM32F4xx_HAL_Driver/Src/stm32f4xx_hal_spi.o
 .ARM.attributes
                0x000002b3       0x34 ./Drivers/st7735/fonts.o
 .ARM.attributes
                0x000002e7       0x34 ./Drivers/st7735/st7735.o
 .ARM.attributes
                0x0000031b       0x34 /home/amer/st/stm32cubeide_1.12.0/plugins/com.st.stm32cube.ide.mcu.externaltools.gnu-tools-for-stm32.13.3.rel1.linux64_1.0.0.202410170706/tools/bin/../lib/gcc/arm-none-eabi/13.3.1/../../../../arm-none-eabi/lib/thumb/v7e-m+fp/hard/libc_nano.a(libc_a-memset.o)
 .ARM.attributes
                0x0000034f       0x34 /home/amer/st/stm32cubeide_1.12.0/plugins/com.st.stm32cube.ide.mcu.externaltools.gnu-tools-for-stm32.13.3.rel1.linux64_1.0.0.202410170706/tools/bin/../lib/gcc/arm-none-eabi/13.3.1/../../../../arm-none-eabi/lib/thumb/v7e-m+fp/hard/libc_nano.a(libc_a-init.o)
 .ARM.attributes
                0x00000383       0x22 /home/amer/st/stm32cubeide_1.12.0/plugins/com.st.stm32cube.ide.mcu.externaltools.gnu-tools-for-stm32.13.3.rel1.linux64_1.0.0.202410170706/tools/bin/../lib/gcc/arm-none-eabi/13.3.1/thumb/v7e-m+fp/hard/libgcc.a(_aeabi_uldivmod.o)
 .ARM.attributes
                0x000003a5       0x34 /home/amer/st/stm32cubeide_1.12.0/plugins/com.st.stm32cube.ide.mcu.externaltools.gnu-tools-for-stm32.13.3.rel1.linux64_1.0.0.202410170706/tools/bin/../lib/gcc/arm-none-eabi/13.3.1/thumb/v7e-m+fp/hard/libgcc.a(_udivmoddi4.o)
 .ARM.attributes
                0x000003d9       0x22 /home/amer/st/stm32cubeide_1.12.0/plugins/com.st.stm32cube.ide.mcu.externaltools.gnu-tools-for-stm32.13.3.rel1.linux64_1.0.0.202410170706/tools/bin/../lib/gcc/arm-none-eabi/13.3.1/thumb/v7e-m+fp/hard/libgcc.a(_dvmd_tls.o)
 .ARM.attributes
                0x000003fb       0x22 /home/amer/st/stm32cubeide_1.12.0/plugins/com.st.stm32cube.ide.mcu.externaltools.gnu-tools-for-stm32.13.3.rel1.linux64_1.0.0.202410170706/tools/bin/../lib/gcc/arm-none-eabi/13.3.1/thumb/v7e-m+fp/hard/crtn.o
OUTPUT(teseST7735TFT_Proteus.elf elf32-littlearm)
LOAD linker stubs
LOAD /home/amer/st/stm32cubeide_1.12.0/plugins/com.st.stm32cube.ide.mcu.externaltools.gnu-tools-for-stm32.13.3.rel1.linux64_1.0.0.202410170706/tools/bin/../lib/gcc/arm-none-eabi/13.3.1/../../../../arm-none-eabi/lib/thumb/v7e-m+fp/hard/libc.a
LOAD /home/amer/st/stm32cubeide_1.12.0/plugins/com.st.stm32cube.ide.mcu.externaltools.gnu-tools-for-stm32.13.3.rel1.linux64_1.0.0.202410170706/tools/bin/../lib/gcc/arm-none-eabi/13.3.1/../../../../arm-none-eabi/lib/thumb/v7e-m+fp/hard/libm.a
LOAD /home/amer/st/stm32cubeide_1.12.0/plugins/com.st.stm32cube.ide.mcu.externaltools.gnu-tools-for-stm32.13.3.rel1.linux64_1.0.0.202410170706/tools/bin/../lib/gcc/arm-none-eabi/13.3.1/thumb/v7e-m+fp/hard/libgcc.a

.debug_info     0x00000000     0x65a2
 .debug_info    0x00000000      0x3fb ./Core/Src/gpio.o
 .debug_info    0x000003fb      0x5c8 ./Core/Src/main.o
 .debug_info    0x000009c3      0x980 ./Core/Src/spi.o
 .debug_info    0x00001343      0x291 ./Core/Src/stm32f4xx_hal_msp.o
 .debug_info    0x000015d4      0x112 ./Core/Src/stm32f4xx_it.o
 .debug_info    0x000016e6      0x53e ./Core/Src/system_stm32f4xx.o
 .debug_info    0x00001c24       0x30 ./Core/Startup/startup_stm32f401cbux.o
 .debug_info    0x00001c54      0x8bb ./Drivers/STM32F4xx_HAL_Driver/Src/stm32f4xx_hal.o
 .debug_info    0x0000250f      0xcf6 ./Drivers/STM32F4xx_HAL_Driver/Src/stm32f4xx_hal_cortex.o
 .debug_info    0x00003205      0x6f9 ./Drivers/STM32F4xx_HAL_Driver/Src/stm32f4xx_hal_gpio.o
 .debug_info    0x000038fe      0x905 ./Drivers/STM32F4xx_HAL_Driver/Src/stm32f4xx_hal_rcc.o
 .debug_info    0x00004203     0x1530 ./Drivers/STM32F4xx_HAL_Driver/Src/stm32f4xx_hal_spi.o
 .debug_info    0x00005733      0x19a ./Drivers/st7735/fonts.o
 .debug_info    0x000058cd      0xcd5 ./Drivers/st7735/st7735.o

.debug_abbrev   0x00000000     0x179c
 .debug_abbrev  0x00000000      0x151 ./Core/Src/gpio.o
 .debug_abbrev  0x00000151      0x206 ./Core/Src/main.o
 .debug_abbrev  0x00000357      0x1f8 ./Core/Src/spi.o
 .debug_abbrev  0x0000054f       0xd8 ./Core/Src/stm32f4xx_hal_msp.o
 .debug_abbrev  0x00000627       0x73 ./Core/Src/stm32f4xx_it.o
 .debug_abbrev  0x0000069a      0x11a ./Core/Src/system_stm32f4xx.o
 .debug_abbrev  0x000007b4       0x24 ./Core/Startup/startup_stm32f401cbux.o
 .debug_abbrev  0x000007d8      0x24b ./Drivers/STM32F4xx_HAL_Driver/Src/stm32f4xx_hal.o
 .debug_abbrev  0x00000a23      0x31d ./Drivers/STM32F4xx_HAL_Driver/Src/stm32f4xx_hal_cortex.o
 .debug_abbrev  0x00000d40      0x1d3 ./Drivers/STM32F4xx_HAL_Driver/Src/stm32f4xx_hal_gpio.o
 .debug_abbrev  0x00000f13      0x2b6 ./Drivers/STM32F4xx_HAL_Driver/Src/stm32f4xx_hal_rcc.o
 .debug_abbrev  0x000011c9      0x276 ./Drivers/STM32F4xx_HAL_Driver/Src/stm32f4xx_hal_spi.o
 .debug_abbrev  0x0000143f       0xb3 ./Drivers/st7735/fonts.o
 .debug_abbrev  0x000014f2      0x2aa ./Drivers/st7735/st7735.o

.debug_aranges  0x00000000      0x6e0
 .debug_aranges
                0x00000000       0x20 ./Core/Src/gpio.o
 .debug_aranges
                0x00000020       0x30 ./Core/Src/main.o
 .debug_aranges
                0x00000050       0x30 ./Core/Src/spi.o
 .debug_aranges
                0x00000080       0x20 ./Core/Src/stm32f4xx_hal_msp.o
 .debug_aranges
                0x000000a0       0x60 ./Core/Src/stm32f4xx_it.o
 .debug_aranges
                0x00000100       0x28 ./Core/Src/system_stm32f4xx.o
 .debug_aranges
                0x00000128       0x28 ./Core/Startup/startup_stm32f401cbux.o
 .debug_aranges
                0x00000150       0xf0 ./Drivers/STM32F4xx_HAL_Driver/Src/stm32f4xx_hal.o
 .debug_aranges
                0x00000240      0x130 ./Drivers/STM32F4xx_HAL_Driver/Src/stm32f4xx_hal_cortex.o
 .debug_aranges
                0x00000370       0x58 ./Drivers/STM32F4xx_HAL_Driver/Src/stm32f4xx_hal_gpio.o
 .debug_aranges
                0x000003c8       0x88 ./Drivers/STM32F4xx_HAL_Driver/Src/stm32f4xx_hal_rcc.o
 .debug_aranges
                0x00000450      0x1d0 ./Drivers/STM32F4xx_HAL_Driver/Src/stm32f4xx_hal_spi.o
 .debug_aranges
                0x00000620       0x18 ./Drivers/st7735/fonts.o
 .debug_aranges
                0x00000638       0xa8 ./Drivers/st7735/st7735.o

.debug_rnglists
                0x00000000      0x4ff
 .debug_rnglists
                0x00000000       0x14 ./Core/Src/gpio.o
 .debug_rnglists
                0x00000014       0x20 ./Core/Src/main.o
 .debug_rnglists
                0x00000034       0x20 ./Core/Src/spi.o
 .debug_rnglists
                0x00000054       0x13 ./Core/Src/stm32f4xx_hal_msp.o
 .debug_rnglists
                0x00000067       0x43 ./Core/Src/stm32f4xx_it.o
 .debug_rnglists
                0x000000aa       0x1a ./Core/Src/system_stm32f4xx.o
 .debug_rnglists
                0x000000c4       0x19 ./Core/Startup/startup_stm32f401cbux.o
 .debug_rnglists
                0x000000dd       0xaf ./Drivers/STM32F4xx_HAL_Driver/Src/stm32f4xx_hal.o
 .debug_rnglists
                0x0000018c       0xe0 ./Drivers/STM32F4xx_HAL_Driver/Src/stm32f4xx_hal_cortex.o
 .debug_rnglists
                0x0000026c       0x3f ./Drivers/STM32F4xx_HAL_Driver/Src/stm32f4xx_hal_gpio.o
 .debug_rnglists
                0x000002ab       0x66 ./Drivers/STM32F4xx_HAL_Driver/Src/stm32f4xx_hal_rcc.o
 .debug_rnglists
                0x00000311      0x16f ./Drivers/STM32F4xx_HAL_Driver/Src/stm32f4xx_hal_spi.o
 .debug_rnglists
                0x00000480       0x7f ./Drivers/st7735/st7735.o

.debug_macro    0x00000000    0x158e1
 .debug_macro   0x00000000      0x1d3 ./Core/Src/gpio.o
 .debug_macro   0x000001d3      0xad8 ./Core/Src/gpio.o
 .debug_macro   0x00000cab      0x295 ./Core/Src/gpio.o
 .debug_macro   0x00000f40       0x2e ./Core/Src/gpio.o
 .debug_macro   0x00000f6e       0x28 ./Core/Src/gpio.o
 .debug_macro   0x00000f96       0x22 ./Core/Src/gpio.o
 .debug_macro   0x00000fb8       0x8e ./Core/Src/gpio.o
 .debug_macro   0x00001046       0x51 ./Core/Src/gpio.o
 .debug_macro   0x00001097      0x103 ./Core/Src/gpio.o
 .debug_macro   0x0000119a       0x6a ./Core/Src/gpio.o
 .debug_macro   0x00001204      0x1df ./Core/Src/gpio.o
 .debug_macro   0x000013e3       0x1c ./Core/Src/gpio.o
 .debug_macro   0x000013ff       0x22 ./Core/Src/gpio.o
 .debug_macro   0x00001421       0xfb ./Core/Src/gpio.o
 .debug_macro   0x0000151c     0x1011 ./Core/Src/gpio.o
 .debug_macro   0x0000252d      0x11f ./Core/Src/gpio.o
 .debug_macro   0x0000264c     0xb881 ./Core/Src/gpio.o
 .debug_macro   0x0000decd       0x6d ./Core/Src/gpio.o
 .debug_macro   0x0000df3a     0x3693 ./Core/Src/gpio.o
 .debug_macro   0x000115cd      0x190 ./Core/Src/gpio.o
 .debug_macro   0x0001175d       0x5c ./Core/Src/gpio.o
 .debug_macro   0x000117b9      0x416 ./Core/Src/gpio.o
 .debug_macro   0x00011bcf      0x9e9 ./Core/Src/gpio.o
 .debug_macro   0x000125b8      0x115 ./Core/Src/gpio.o
 .debug_macro   0x000126cd       0xf8 ./Core/Src/gpio.o
 .debug_macro   0x000127c5       0xa5 ./Core/Src/gpio.o
 .debug_macro   0x0001286a      0x15f ./Core/Src/gpio.o
 .debug_macro   0x000129c9      0x287 ./Core/Src/gpio.o
 .debug_macro   0x00012c50       0x5f ./Core/Src/gpio.o
 .debug_macro   0x00012caf      0x236 ./Core/Src/gpio.o
 .debug_macro   0x00012ee5      0x132 ./Core/Src/gpio.o
 .debug_macro   0x00013017      0x23a ./Core/Src/gpio.o
 .debug_macro   0x00013251       0x2e ./Core/Src/gpio.o
 .debug_macro   0x0001327f      0x127 ./Core/Src/gpio.o
 .debug_macro   0x000133a6       0x85 ./Core/Src/gpio.o
 .debug_macro   0x0001342b       0x89 ./Core/Src/gpio.o
 .debug_macro   0x000134b4      0x225 ./Core/Src/gpio.o
 .debug_macro   0x000136d9      0x126 ./Core/Src/gpio.o
 .debug_macro   0x000137ff       0x28 ./Core/Src/gpio.o
 .debug_macro   0x00013827      0x2d5 ./Core/Src/main.o
 .debug_macro   0x00013afc       0x61 ./Core/Src/main.o
 .debug_macro   0x00013b5d       0x2a ./Core/Src/main.o
 .debug_macro   0x00013b87       0x43 ./Core/Src/main.o
 .debug_macro   0x00013bca       0x34 ./Core/Src/main.o
 .debug_macro   0x00013bfe      0x370 ./Core/Src/main.o
 .debug_macro   0x00013f6e       0x16 ./Core/Src/main.o
 .debug_macro   0x00013f84       0x4a ./Core/Src/main.o
 .debug_macro   0x00013fce       0x34 ./Core/Src/main.o
 .debug_macro   0x00014002       0x10 ./Core/Src/main.o
 .debug_macro   0x00014012       0x58 ./Core/Src/main.o
 .debug_macro   0x0001406a       0x8e ./Core/Src/main.o
 .debug_macro   0x000140f8       0x1c ./Core/Src/main.o
 .debug_macro   0x00014114      0x185 ./Core/Src/main.o
 .debug_macro   0x00014299       0x10 ./Core/Src/main.o
 .debug_macro   0x000142a9       0x3c ./Core/Src/main.o
 .debug_macro   0x000142e5       0x20 ./Core/Src/main.o
 .debug_macro   0x00014305       0x22 ./Core/Src/main.o
 .debug_macro   0x00014327      0x1c5 ./Core/Src/main.o
 .debug_macro   0x000144ec      0x1d3 ./Core/Src/spi.o
 .debug_macro   0x000146bf      0x1c9 ./Core/Src/stm32f4xx_hal_msp.o
 .debug_macro   0x00014888      0x1d3 ./Core/Src/stm32f4xx_it.o
 .debug_macro   0x00014a5b      0x1ba ./Core/Src/system_stm32f4xx.o
 .debug_macro   0x00014c15      0x21a ./Drivers/STM32F4xx_HAL_Driver/Src/stm32f4xx_hal.o
 .debug_macro   0x00014e2f      0x1ba ./Drivers/STM32F4xx_HAL_Driver/Src/stm32f4xx_hal_cortex.o
 .debug_macro   0x00014fe9      0x1c0 ./Drivers/STM32F4xx_HAL_Driver/Src/stm32f4xx_hal_gpio.o
 .debug_macro   0x000151a9      0x1de ./Drivers/STM32F4xx_HAL_Driver/Src/stm32f4xx_hal_rcc.o
 .debug_macro   0x00015387      0x1c9 ./Drivers/STM32F4xx_HAL_Driver/Src/stm32f4xx_hal_spi.o
 .debug_macro   0x00015550       0x6d ./Drivers/st7735/fonts.o
 .debug_macro   0x000155bd      0x2d2 ./Drivers/st7735/st7735.o
 .debug_macro   0x0001588f       0x3c ./Drivers/st7735/st7735.o
 .debug_macro   0x000158cb       0x16 ./Drivers/st7735/st7735.o

.debug_line     0x00000000     0x8421
 .debug_line    0x00000000      0x68d ./Core/Src/gpio.o
 .debug_line    0x0000068d      0x8c2 ./Core/Src/main.o
 .debug_line    0x00000f4f      0x6e7 ./Core/Src/spi.o
 .debug_line    0x00001636      0x671 ./Core/Src/stm32f4xx_hal_msp.o
 .debug_line    0x00001ca7      0x720 ./Core/Src/stm32f4xx_it.o
 .debug_line    0x000023c7      0x6e7 ./Core/Src/system_stm32f4xx.o
 .debug_line    0x00002aae       0x7a ./Core/Startup/startup_stm32f401cbux.o
 .debug_line    0x00002b28      0x963 ./Drivers/STM32F4xx_HAL_Driver/Src/stm32f4xx_hal.o
 .debug_line    0x0000348b      0xc33 ./Drivers/STM32F4xx_HAL_Driver/Src/stm32f4xx_hal_cortex.o
 .debug_line    0x000040be      0xa7f ./Drivers/STM32F4xx_HAL_Driver/Src/stm32f4xx_hal_gpio.o
 .debug_line    0x00004b3d      0xd70 ./Drivers/STM32F4xx_HAL_Driver/Src/stm32f4xx_hal_rcc.o
 .debug_line    0x000058ad     0x1bfe ./Drivers/STM32F4xx_HAL_Driver/Src/stm32f4xx_hal_spi.o
 .debug_line    0x000074ab      0x361 ./Drivers/st7735/fonts.o
 .debug_line    0x0000780c      0xc15 ./Drivers/st7735/st7735.o

.debug_str      0x00000000    0x84325
 .debug_str     0x00000000    0x84325 ./Core/Src/gpio.o
                              0x7ec86 (size before relaxing)
 .debug_str     0x00084325    0x82610 ./Core/Src/main.o
 .debug_str     0x00084325    0x7f112 ./Core/Src/spi.o
 .debug_str     0x00084325    0x7ebbb ./Core/Src/stm32f4xx_hal_msp.o
 .debug_str     0x00084325    0x7eb2f ./Core/Src/stm32f4xx_it.o
 .debug_str     0x00084325    0x7ebfa ./Core/Src/system_stm32f4xx.o
 .debug_str     0x00084325       0x84 ./Core/Startup/startup_stm32f401cbux.o
 .debug_str     0x00084325    0x7f61c ./Drivers/STM32F4xx_HAL_Driver/Src/stm32f4xx_hal.o
 .debug_str     0x00084325    0x7f386 ./Drivers/STM32F4xx_HAL_Driver/Src/stm32f4xx_hal_cortex.o
 .debug_str     0x00084325    0x7ed75 ./Drivers/STM32F4xx_HAL_Driver/Src/stm32f4xx_hal_gpio.o
 .debug_str     0x00084325    0x7f02e ./Drivers/STM32F4xx_HAL_Driver/Src/stm32f4xx_hal_rcc.o
 .debug_str     0x00084325    0x7f4a6 ./Drivers/STM32F4xx_HAL_Driver/Src/stm32f4xx_hal_spi.o
 .debug_str     0x00084325     0x3e22 ./Drivers/st7735/fonts.o
 .debug_str     0x00084325    0x829ee ./Drivers/st7735/st7735.o

.comment        0x00000000       0x43
 .comment       0x00000000       0x43 ./Core/Src/gpio.o
                                 0x44 (size before relaxing)
 .comment       0x00000043       0x44 ./Core/Src/main.o
 .comment       0x00000043       0x44 ./Core/Src/spi.o
 .comment       0x00000043       0x44 ./Core/Src/stm32f4xx_hal_msp.o
 .comment       0x00000043       0x44 ./Core/Src/stm32f4xx_it.o
 .comment       0x00000043       0x44 ./Core/Src/system_stm32f4xx.o
 .comment       0x00000043       0x44 ./Drivers/STM32F4xx_HAL_Driver/Src/stm32f4xx_hal.o
 .comment       0x00000043       0x44 ./Drivers/STM32F4xx_HAL_Driver/Src/stm32f4xx_hal_cortex.o
 .comment       0x00000043       0x44 ./Drivers/STM32F4xx_HAL_Driver/Src/stm32f4xx_hal_gpio.o
 .comment       0x00000043       0x44 ./Drivers/STM32F4xx_HAL_Driver/Src/stm32f4xx_hal_rcc.o
 .comment       0x00000043       0x44 ./Drivers/STM32F4xx_HAL_Driver/Src/stm32f4xx_hal_spi.o
 .comment       0x00000043       0x44 ./Drivers/st7735/fonts.o
 .comment       0x00000043       0x44 ./Drivers/st7735/st7735.o

.debug_frame    0x00000000     0x19dc
 .debug_frame   0x00000000       0x34 ./Core/Src/gpio.o
 .debug_frame   0x00000034       0x6c ./Core/Src/main.o
 .debug_frame   0x000000a0       0x74 ./Core/Src/spi.o
 .debug_frame   0x00000114       0x38 ./Core/Src/stm32f4xx_hal_msp.o
 .debug_frame   0x0000014c      0x104 ./Core/Src/stm32f4xx_it.o
 .debug_frame   0x00000250       0x58 ./Core/Src/system_stm32f4xx.o
 .debug_frame   0x000002a8      0x374 ./Drivers/STM32F4xx_HAL_Driver/Src/stm32f4xx_hal.o
 .debug_frame   0x0000061c      0x508 ./Drivers/STM32F4xx_HAL_Driver/Src/stm32f4xx_hal_cortex.o
 .debug_frame   0x00000b24      0x14c ./Drivers/STM32F4xx_HAL_Driver/Src/stm32f4xx_hal_gpio.o
 .debug_frame   0x00000c70      0x1f4 ./Drivers/STM32F4xx_HAL_Driver/Src/stm32f4xx_hal_rcc.o
 .debug_frame   0x00000e64      0x828 ./Drivers/STM32F4xx_HAL_Driver/Src/stm32f4xx_hal_spi.o
 .debug_frame   0x0000168c      0x2a4 ./Drivers/st7735/st7735.o
 .debug_frame   0x00001930       0x20 /home/amer/st/stm32cubeide_1.12.0/plugins/com.st.stm32cube.ide.mcu.externaltools.gnu-tools-for-stm32.13.3.rel1.linux64_1.0.0.202410170706/tools/bin/../lib/gcc/arm-none-eabi/13.3.1/../../../../arm-none-eabi/lib/thumb/v7e-m+fp/hard/libc_nano.a(libc_a-memset.o)
 .debug_frame   0x00001950       0x2c /home/amer/st/stm32cubeide_1.12.0/plugins/com.st.stm32cube.ide.mcu.externaltools.gnu-tools-for-stm32.13.3.rel1.linux64_1.0.0.202410170706/tools/bin/../lib/gcc/arm-none-eabi/13.3.1/../../../../arm-none-eabi/lib/thumb/v7e-m+fp/hard/libc_nano.a(libc_a-init.o)
 .debug_frame   0x0000197c       0x2c /home/amer/st/stm32cubeide_1.12.0/plugins/com.st.stm32cube.ide.mcu.externaltools.gnu-tools-for-stm32.13.3.rel1.linux64_1.0.0.202410170706/tools/bin/../lib/gcc/arm-none-eabi/13.3.1/thumb/v7e-m+fp/hard/libgcc.a(_aeabi_uldivmod.o)
 .debug_frame   0x000019a8       0x34 /home/amer/st/stm32cubeide_1.12.0/plugins/com.st.stm32cube.ide.mcu.externaltools.gnu-tools-for-stm32.13.3.rel1.linux64_1.0.0.202410170706/tools/bin/../lib/gcc/arm-none-eabi/13.3.1/thumb/v7e-m+fp/hard/libgcc.a(_udivmoddi4.o)

.debug_line_str
                0x00000000       0x68
 .debug_line_str
                0x00000000       0x68 ./Core/Startup/startup_stm32f401cbux.o
