09:30:53 **** Incremental Build of configuration Debug for project rcmodela ****
make -j16 all 
arm-none-eabi-gcc "../Core/Src/main.c" -mcpu=cortex-m4 -std=gnu11 -g3 -DDEBUG -DUSE_HAL_DRIVER -DSTM32F405xx -c -I../Core/Inc -I../Drivers/STM32F4xx_HAL_Driver/Inc -I../Drivers/STM32F4xx_HAL_Driver/Inc/Legacy -I../Drivers/CMSIS/Device/ST/STM32F4xx/Include -I../Drivers/CMSIS/Include -O0 -ffunction-sections -fdata-sections -Wall -fstack-usage -fcyclomatic-complexity -MMD -MP -MF"Core/Src/main.d" -MT"Core/Src/main.o" --specs=nano.specs -mfpu=fpv4-sp-d16 -mfloat-abi=hard -mthumb -o "Core/Src/main.o"
../Core/Src/main.c: In function 'HAL_TIM_PeriodElapsedCallback':
../Core/Src/main.c:165:44: warning: 'sprintf' may write a terminating nul past the end of the destination [-Wformat-overflow=]
  165 |             sprintf(timer_text,"%02d : %02d", mins_stopwatch, sec_stopwatch);
      |                                            ^
../Core/Src/main.c:165:13: note: 'sprintf' output between 8 and 10 bytes into a destination of size 9
  165 |             sprintf(timer_text,"%02d : %02d", mins_stopwatch, sec_stopwatch);
      |             ^~~~~~~~~~~~~~~~~~~~~~~~~~~~~~~~~~~~~~~~~~~~~~~~~~~~~~~~~~~~~~~~
../Core/Src/main.c:231:39: warning: '%%' directive writing 1 byte into a region of size between 0 and 2 [-Wformat-overflow=]
  231 |             sprintf(soc_joky_text, "%d%%", soc_joky);
      |                                       ^~
../Core/Src/main.c:231:13: note: 'sprintf' output between 3 and 5 bytes into a destination of size 3
  231 |             sprintf(soc_joky_text, "%d%%", soc_joky);
      |             ^~~~~~~~~~~~~~~~~~~~~~~~~~~~~~~~~~~~~~~~
arm-none-eabi-gcc -o "rcmodela.elf" @"objects.list"   -mcpu=cortex-m4 -T"/home/amer/Desktop/STM32CubeIDE/workspace_1.19.0/rcmodela/STM32F405RGTX_FLASH.ld" --specs=nosys.specs -Wl,-Map="rcmodela.map" -Wl,--gc-sections -static --specs=nano.specs -mfpu=fpv4-sp-d16 -mfloat-abi=hard -mthumb -Wl,--start-group -lc -lm -Wl,--end-group
Finished building target: rcmodela.elf
 
arm-none-eabi-size  rcmodela.elf 
arm-none-eabi-objdump -h -S rcmodela.elf  > "rcmodela.list"
   text	   data	    bss	    dec	    hex	filename
  64520	    104	   2528	  67152	  10650	rcmodela.elf
Finished building: default.size.stdout
 
Finished building: rcmodela.list
 

09:30:54 Build Finished. 0 errors, 2 warnings. (took 936ms)

