../Core/Src/main.c:83:5:main	8	static
../Core/Src/main.c:135:6:SystemClock_Config	88	static
../Core/Src/main.c:182:13:MX_SPI1_Init	8	static
../Core/Src/main.c:220:13:MX_SPI2_Init	8	static
../Core/Src/main.c:258:13:MX_SPI3_Init	8	static
../Core/Src/main.c:296:13:MX_UART4_Init	8	static
../Core/Src/main.c:329:13:MX_UART5_Init	8	static
../Core/Src/main.c:362:13:MX_USART1_UART_Init	8	static
../Core/Src/main.c:395:13:MX_USART2_UART_Init	8	static
../Core/Src/main.c:428:13:MX_USART3_UART_Init	8	static
../Core/Src/main.c:461:13:MX_USART6_UART_Init	8	static
../Core/Src/main.c:494:13:MX_GPIO_Init	24	static
../Core/Src/main.c:517:6:Error_Handler	4	static,ignoring_inline_asm
