../Core/Src/ILI9341_STM32_Driver.c:13:6:HAL_SPI_TxCpltCallback	16	static
../Core/Src/ILI9341_STM32_Driver.c:22:13:ILI9341_SPI_Tx	16	static
../Core/Src/ILI9341_STM32_Driver.c:29:13:ILI9341_SPI_TxBuffer	16	static
../Core/Src/ILI9341_STM32_Driver.c:36:6:ILI9341_WriteCommand	16	static
../Core/Src/ILI9341_STM32_Driver.c:44:6:ILI9341_WriteData	16	static
../Core/Src/ILI9341_STM32_Driver.c:52:6:ILI9341_WriteBuffer	16	static
../Core/Src/ILI9341_STM32_Driver.c:60:6:ILI9341_SetAddress	32	static
../Core/Src/ILI9341_STM32_Driver.c:87:6:ILI9341_Reset	8	static
../Core/Src/ILI9341_STM32_Driver.c:97:6:ILI9341_Enable	8	static
../Core/Src/ILI9341_STM32_Driver.c:102:6:ILI9341_Init	8	static
../Core/Src/ILI9341_STM32_Driver.c:244:6:ILI9341_SetRotation	16	static
../Core/Src/ILI9341_STM32_Driver.c:276:6:ILI9341_DrawColor	24	static
../Core/Src/ILI9341_STM32_Driver.c:282:6:ILI9341_DrawColorBurst	80	dynamic
../Core/Src/ILI9341_STM32_Driver.c:323:6:ILI9341_FillScreen	16	static
../Core/Src/ILI9341_STM32_Driver.c:330:6:ILI9341_DrawPixel	32	static
../Core/Src/ILI9341_STM32_Driver.c:348:6:ILI9341_DrawRectangle	24	static
../Core/Src/ILI9341_STM32_Driver.c:366:6:ILI9341_DrawHLine	24	static
../Core/Src/ILI9341_STM32_Driver.c:379:6:ILI9341_DrawVLine	24	static
