../Core/Src/main.c:81:5:main	8	static
../Core/Src/main.c:131:6:SystemClock_Config	88	static
../Core/Src/main.c:178:13:MX_ADC1_Init	24	static
../Core/Src/main.c:230:13:MX_ADC2_Init	24	static
../Core/Src/main.c:282:13:MX_SPI1_Init	8	static
../Core/Src/main.c:320:13:MX_TIM2_Init	32	static
../Core/Src/main.c:365:13:MX_USART2_UART_Init	8	static
../Core/Src/main.c:398:13:MX_USART3_UART_Init	8	static
../Core/Src/main.c:431:13:MX_USART6_UART_Init	8	static
../Core/Src/main.c:464:13:MX_GPIO_Init	40	static
../Core/Src/main.c:507:6:Error_Handler	4	static,ignoring_inline_asm
