Archive member included to satisfy reference by file (symbol)

/home/amer/st/stm32cubeide_1.12.0/plugins/com.st.stm32cube.ide.mcu.externaltools.gnu-tools-for-stm32.13.3.rel1.linux64_1.0.0.202410170706/tools/bin/../lib/gcc/arm-none-eabi/13.3.1/../../../../arm-none-eabi/lib/thumb/v7e-m+fp/hard/libc_nano.a(libc_a-exit.o)
                              /home/amer/st/stm32cubeide_1.12.0/plugins/com.st.stm32cube.ide.mcu.externaltools.gnu-tools-for-stm32.13.3.rel1.linux64_1.0.0.202410170706/tools/bin/../lib/gcc/arm-none-eabi/13.3.1/../../../../arm-none-eabi/lib/thumb/v7e-m+fp/hard/crt0.o (exit)
/home/amer/st/stm32cubeide_1.12.0/plugins/com.st.stm32cube.ide.mcu.externaltools.gnu-tools-for-stm32.13.3.rel1.linux64_1.0.0.202410170706/tools/bin/../lib/gcc/arm-none-eabi/13.3.1/../../../../arm-none-eabi/lib/thumb/v7e-m+fp/hard/libc_nano.a(libc_a-findfp.o)
                              /home/amer/st/stm32cubeide_1.12.0/plugins/com.st.stm32cube.ide.mcu.externaltools.gnu-tools-for-stm32.13.3.rel1.linux64_1.0.0.202410170706/tools/bin/../lib/gcc/arm-none-eabi/13.3.1/../../../../arm-none-eabi/lib/thumb/v7e-m+fp/hard/libc_nano.a(libc_a-exit.o) (__stdio_exit_handler)
/home/amer/st/stm32cubeide_1.12.0/plugins/com.st.stm32cube.ide.mcu.externaltools.gnu-tools-for-stm32.13.3.rel1.linux64_1.0.0.202410170706/tools/bin/../lib/gcc/arm-none-eabi/13.3.1/../../../../arm-none-eabi/lib/thumb/v7e-m+fp/hard/libc_nano.a(libc_a-fwalk.o)
                              /home/amer/st/stm32cubeide_1.12.0/plugins/com.st.stm32cube.ide.mcu.externaltools.gnu-tools-for-stm32.13.3.rel1.linux64_1.0.0.202410170706/tools/bin/../lib/gcc/arm-none-eabi/13.3.1/../../../../arm-none-eabi/lib/thumb/v7e-m+fp/hard/libc_nano.a(libc_a-findfp.o) (_fwalk_sglue)
/home/amer/st/stm32cubeide_1.12.0/plugins/com.st.stm32cube.ide.mcu.externaltools.gnu-tools-for-stm32.13.3.rel1.linux64_1.0.0.202410170706/tools/bin/../lib/gcc/arm-none-eabi/13.3.1/../../../../arm-none-eabi/lib/thumb/v7e-m+fp/hard/libc_nano.a(libc_a-stdio.o)
                              /home/amer/st/stm32cubeide_1.12.0/plugins/com.st.stm32cube.ide.mcu.externaltools.gnu-tools-for-stm32.13.3.rel1.linux64_1.0.0.202410170706/tools/bin/../lib/gcc/arm-none-eabi/13.3.1/../../../../arm-none-eabi/lib/thumb/v7e-m+fp/hard/libc_nano.a(libc_a-findfp.o) (__sread)
/home/amer/st/stm32cubeide_1.12.0/plugins/com.st.stm32cube.ide.mcu.externaltools.gnu-tools-for-stm32.13.3.rel1.linux64_1.0.0.202410170706/tools/bin/../lib/gcc/arm-none-eabi/13.3.1/../../../../arm-none-eabi/lib/thumb/v7e-m+fp/hard/libc_nano.a(libc_a-memset.o)
                              /home/amer/st/stm32cubeide_1.12.0/plugins/com.st.stm32cube.ide.mcu.externaltools.gnu-tools-for-stm32.13.3.rel1.linux64_1.0.0.202410170706/tools/bin/../lib/gcc/arm-none-eabi/13.3.1/../../../../arm-none-eabi/lib/thumb/v7e-m+fp/hard/crt0.o (memset)
/home/amer/st/stm32cubeide_1.12.0/plugins/com.st.stm32cube.ide.mcu.externaltools.gnu-tools-for-stm32.13.3.rel1.linux64_1.0.0.202410170706/tools/bin/../lib/gcc/arm-none-eabi/13.3.1/../../../../arm-none-eabi/lib/thumb/v7e-m+fp/hard/libc_nano.a(libc_a-closer.o)
                              /home/amer/st/stm32cubeide_1.12.0/plugins/com.st.stm32cube.ide.mcu.externaltools.gnu-tools-for-stm32.13.3.rel1.linux64_1.0.0.202410170706/tools/bin/../lib/gcc/arm-none-eabi/13.3.1/../../../../arm-none-eabi/lib/thumb/v7e-m+fp/hard/libc_nano.a(libc_a-stdio.o) (_close_r)
/home/amer/st/stm32cubeide_1.12.0/plugins/com.st.stm32cube.ide.mcu.externaltools.gnu-tools-for-stm32.13.3.rel1.linux64_1.0.0.202410170706/tools/bin/../lib/gcc/arm-none-eabi/13.3.1/../../../../arm-none-eabi/lib/thumb/v7e-m+fp/hard/libc_nano.a(libc_a-reent.o)
                              /home/amer/st/stm32cubeide_1.12.0/plugins/com.st.stm32cube.ide.mcu.externaltools.gnu-tools-for-stm32.13.3.rel1.linux64_1.0.0.202410170706/tools/bin/../lib/gcc/arm-none-eabi/13.3.1/../../../../arm-none-eabi/lib/thumb/v7e-m+fp/hard/libc_nano.a(libc_a-closer.o) (errno)
/home/amer/st/stm32cubeide_1.12.0/plugins/com.st.stm32cube.ide.mcu.externaltools.gnu-tools-for-stm32.13.3.rel1.linux64_1.0.0.202410170706/tools/bin/../lib/gcc/arm-none-eabi/13.3.1/../../../../arm-none-eabi/lib/thumb/v7e-m+fp/hard/libc_nano.a(libc_a-impure.o)
                              /home/amer/st/stm32cubeide_1.12.0/plugins/com.st.stm32cube.ide.mcu.externaltools.gnu-tools-for-stm32.13.3.rel1.linux64_1.0.0.202410170706/tools/bin/../lib/gcc/arm-none-eabi/13.3.1/../../../../arm-none-eabi/lib/thumb/v7e-m+fp/hard/libc_nano.a(libc_a-reent.o) (_impure_ptr)
/home/amer/st/stm32cubeide_1.12.0/plugins/com.st.stm32cube.ide.mcu.externaltools.gnu-tools-for-stm32.13.3.rel1.linux64_1.0.0.202410170706/tools/bin/../lib/gcc/arm-none-eabi/13.3.1/../../../../arm-none-eabi/lib/thumb/v7e-m+fp/hard/libc_nano.a(libc_a-lseekr.o)
[...]
Memory Configuration

Name             Origin             Length             Attributes
RAM              0x20000000         0x00010000         xrw
FLASH            0x08000000         0x00020000         xr
*default*        0x00000000         0xffffffff

Linker script and memory map

LOAD /home/amer/st/stm32cubeide_1.12.0/plugins/com.st.stm32cube.ide.mcu.externaltools.gnu-tools-for-stm32.13.3.rel1.linux64_1.0.0.202410170706/tools/bin/../lib/gcc/arm-none-eabi/13.3.1/thumb/v7e-m+fp/hard/crti.o
LOAD /home/amer/st/stm32cubeide_1.12.0/plugins/com.st.stm32cube.ide.mcu.externaltools.gnu-tools-for-stm32.13.3.rel1.linux64_1.0.0.202410170706/tools/bin/../lib/gcc/arm-none-eabi/13.3.1/thumb/v7e-m+fp/hard/crtbegin.o
LOAD /home/amer/st/stm32cubeide_1.12.0/plugins/com.st.stm32cube.ide.mcu.externaltools.gnu-tools-for-stm32.13.3.rel1.linux64_1.0.0.202410170706/tools/bin/../lib/gcc/arm-none-eabi/13.3.1/../../../../arm-none-eabi/lib/thumb/v7e-m+fp/hard/crt0.o
LOAD ./Core/Src/FONTS.o
LOAD ./Core/Src/ILI9341_GFX.o
LOAD ./Core/Src/ILI9341_STM32_Driver.o
LOAD ./Core/Src/main.o
LOAD ./Core/Src/stm32f4xx_hal_msp.o
LOAD ./Core/Src/stm32f4xx_it.o
LOAD ./Core/Src/syscalls.o
LOAD ./Core/Src/sysmem.o
LOAD ./Core/Src/system_stm32f4xx.o
LOAD ./Core/Startup/startup_stm32f401cbux.o
LOAD ./Drivers/STM32F4xx_HAL_Driver/Src/stm32f4xx_hal.o
LOAD ./Drivers/STM32F4xx_HAL_Driver/Src/stm32f4xx_hal_cortex.o
LOAD ./Drivers/STM32F4xx_HAL_Driver/Src/stm32f4xx_hal_dma.o
LOAD ./Drivers/STM32F4xx_HAL_Driver/Src/stm32f4xx_hal_dma_ex.o
LOAD ./Drivers/STM32F4xx_HAL_Driver/Src/stm32f4xx_hal_exti.o
LOAD ./Drivers/STM32F4xx_HAL_Driver/Src/stm32f4xx_hal_flash.o
LOAD ./Drivers/STM32F4xx_HAL_Driver/Src/stm32f4xx_hal_flash_ex.o
LOAD ./Drivers/STM32F4xx_HAL_Driver/Src/stm32f4xx_hal_flash_ramfunc.o
LOAD ./Drivers/STM32F4xx_HAL_Driver/Src/stm32f4xx_hal_gpio.o
LOAD ./Drivers/STM32F4xx_HAL_Driver/Src/stm32f4xx_hal_pwr.o
LOAD ./Drivers/STM32F4xx_HAL_Driver/Src/stm32f4xx_hal_pwr_ex.o
LOAD ./Drivers/STM32F4xx_HAL_Driver/Src/stm32f4xx_hal_rcc.o
LOAD ./Drivers/STM32F4xx_HAL_Driver/Src/stm32f4xx_hal_rcc_ex.o
LOAD ./Drivers/STM32F4xx_HAL_Driver/Src/stm32f4xx_hal_spi.o
START GROUP
LOAD /home/amer/st/stm32cubeide_1.12.0/plugins/com.st.stm32cube.ide.mcu.externaltools.gnu-tools-for-stm32.13.3.rel1.linux64_1.0.0.202410170706/tools/bin/../lib/gcc/arm-none-eabi/13.3.1/../../../../arm-none-eabi/lib/thumb/v7e-m+fp/hard/libc_nano.a
LOAD /home/amer/st/stm32cubeide_1.12.0/plugins/com.st.stm32cube.ide.mcu.externaltools.gnu-tools-for-stm32.13.3.rel1.linux64_1.0.0.202410170706/tools/bin/../lib/gcc/arm-none-eabi/13.3.1/../../../../arm-none-eabi/lib/thumb/v7e-m+fp/hard/libm.a
END GROUP
START GROUP
LOAD /home/amer/st/stm32cubeide_1.12.0/plugins/com.st.stm32cube.ide.mcu.externaltools.gnu-tools-for-stm32.13.3.rel1.linux64_1.0.0.202410170706/tools/bin/../lib/gcc/arm-none-eabi/13.3.1/thumb/v7e-m+fp/hard/libgcc.a
LOAD /home/amer/st/stm32cubeide_1.12.0/plugins/com.st.stm32cube.ide.mcu.externaltools.gnu-tools-for-stm32.13.3.rel1.linux64_1.0.0.202410170706/tools/bin/../lib/gcc/arm-none-eabi/13.3.1/../../../../arm-none-eabi/lib/thumb/v7e-m+fp/hard/libc_nano.a
END GROUP
START GROUP
LOAD /home/amer/st/stm32cubeide_1.12.0/plugins/com.st.stm32cube.ide.mcu.externaltools.gnu-tools-for-stm32.13.3.rel1.linux64_1.0.0.202410170706/tools/bin/../lib/gcc/arm-none-eabi/13.3.1/thumb/v7e-m+fp/hard/libgcc.a
LOAD /home/amer/st/stm32cubeide_1.12.0/plugins/com.st.stm32cube.ide.mcu.externaltools.gnu-tools-for-stm32.13.3.rel1.linux64_1.0.0.202410170706/tools/bin/../lib/gcc/arm-none-eabi/13.3.1/../../../../arm-none-eabi/lib/thumb/v7e-m+fp/hard/libc_nano.a
LOAD /home/amer/st/stm32cubeide_1.12.0/plugins/com.st.stm32cube.ide.mcu.externaltools.gnu-tools-for-stm32.13.3.rel1.linux64_1.0.0.202410170706/tools/bin/../lib/gcc/arm-none-eabi/13.3.1/../../../../arm-none-eabi/lib/thumb/v7e-m+fp/hard/libnosys.a
END GROUP
START GROUP
LOAD /home/amer/st/stm32cubeide_1.12.0/plugins/com.st.stm32cube.ide.mcu.externaltools.gnu-tools-for-stm32.13.3.rel1.linux64_1.0.0.202410170706/tools/bin/../lib/gcc/arm-none-eabi/13.3.1/thumb/v7e-m+fp/hard/libgcc.a
LOAD /home/amer/st/stm32cubeide_1.12.0/plugins/com.st.stm32cube.ide.mcu.externaltools.gnu-tools-for-stm32.13.3.rel1.linux64_1.0.0.202410170706/tools/bin/../lib/gcc/arm-none-eabi/13.3.1/../../../../arm-none-eabi/lib/thumb/v7e-m+fp/hard/libc_nano.a
LOAD /home/amer/st/stm32cubeide_1.12.0/plugins/com.st.stm32cube.ide.mcu.externaltools.gnu-tools-for-stm32.13.3.rel1.linux64_1.0.0.202410170706/tools/bin/../lib/gcc/arm-none-eabi/13.3.1/../../../../arm-none-eabi/lib/thumb/v7e-m+fp/hard/libnosys.a
END GROUP
LOAD /home/amer/st/stm32cubeide_1.12.0/plugins/com.st.stm32cube.ide.mcu.externaltools.gnu-tools-for-stm32.13.3.rel1.linux64_1.0.0.202410170706/tools/bin/../lib/gcc/arm-none-eabi/13.3.1/thumb/v7e-m+fp/hard/crtend.o
LOAD /home/amer/st/stm32cubeide_1.12.0/plugins/com.st.stm32cube.ide.mcu.externaltools.gnu-tools-for-stm32.13.3.rel1.linux64_1.0.0.202410170706/tools/bin/../lib/gcc/arm-none-eabi/13.3.1/thumb/v7e-m+fp/hard/crtn.o
                0x20010000                        _estack = (ORIGIN (RAM) + LENGTH (RAM))
                0x00000200                        _Min_Heap_Size = 0x200
                0x00000400                        _Min_Stack_Size = 0x400

.isr_vector     0x08000000      0x194
                0x08000000                        . = ALIGN (0x4)
 *(.isr_vector)
 .isr_vector    0x08000000      0x194 ./Core/Startup/startup_stm32f401cbux.o
                0x08000000                g_pfnVectors
                0x08000194                        . = ALIGN (0x4)

.text           0x08000194     0x3224
                0x08000194                        . = ALIGN (0x4)
 *(.text)
 .text          0x08000194       0x40 /home/amer/st/stm32cubeide_1.12.0/plugins/com.st.stm32cube.ide.mcu.externaltools.gnu-tools-for-stm32.13.3.rel1.linux64_1.0.0.202410170706/tools/bin/../lib/gcc/arm-none-eabi/13.3.1/thumb/v7e-m+fp/hard/crtbegin.o
 .text          0x080001d4       0x30 /home/amer/st/stm32cubeide_1.12.0/plugins/com.st.stm32cube.ide.mcu.externaltools.gnu-tools-for-stm32.13.3.rel1.linux64_1.0.0.202410170706/tools/bin/../lib/gcc/arm-none-eabi/13.3.1/thumb/v7e-m+fp/hard/libgcc.a(_aeabi_uldivmod.o)
                0x080001d4                __aeabi_uldivmod
 .text          0x08000204      0x2f8 /home/amer/st/stm32cubeide_1.12.0/plugins/com.st.stm32cube.ide.mcu.externaltools.gnu-tools-for-stm32.13.3.rel1.linux64_1.0.0.202410170706/tools/bin/../lib/gcc/arm-none-eabi/13.3.1/thumb/v7e-m+fp/hard/libgcc.a(_udivmoddi4.o)
                0x08000204                __udivmoddi4
 .text          0x080004fc        0x4 /home/amer/st/stm32cubeide_1.12.0/plugins/com.st.stm32cube.ide.mcu.externaltools.gnu-tools-for-stm32.13.3.rel1.linux64_1.0.0.202410170706/tools/bin/../lib/gcc/arm-none-eabi/13.3.1/thumb/v7e-m+fp/hard/libgcc.a(_dvmd_tls.o)
                0x080004fc                __aeabi_ldiv0
                0x080004fc                __aeabi_idiv0
 *(.text*)
 .text.DelayUs  0x08000500       0x40 ./Core/Src/ILI9341_GFX.o
 .text.ILI9341_DrawChar
                0x08000540       0xf0 ./Core/Src/ILI9341_GFX.o
                0x08000540                ILI9341_DrawChar
 .text.ILI9341_DrawText
                0x08000630       0x94 ./Core/Src/ILI9341_GFX.o
                0x08000630                ILI9341_DrawText
 .text.ILI9341_DrawImageAt
                0x080006c4       0xb2 ./Core/Src/ILI9341_GFX.o
                0x080006c4                ILI9341_DrawImageAt
 .text.ILI9341_DrawMonoImageAt
                0x08000776      0x108 ./Core/Src/ILI9341_GFX.o
                0x08000776                ILI9341_DrawMonoImageAt
 *fill*         0x0800087e        0x2 
 .text.HAL_SPI_TxCpltCallback
                0x08000880       0x2c ./Core/Src/ILI9341_STM32_Driver.o
                0x08000880                HAL_SPI_TxCpltCallback
 .text.ILI9341_SPI_Tx
                0x080008ac       0x34 ./Core/Src/ILI9341_STM32_Driver.o
 .text.ILI9341_SPI_TxBuffer
                0x080008e0       0x34 ./Core/Src/ILI9341_STM32_Driver.o
 .text.ILI9341_WriteCommand
                0x08000914       0x34 ./Core/Src/ILI9341_STM32_Driver.o
                0x08000914                ILI9341_WriteCommand
 .text.ILI9341_WriteData
                0x08000948       0x34 ./Core/Src/ILI9341_STM32_Driver.o
                0x08000948                ILI9341_WriteData
 .text.ILI9341_WriteBuffer
                0x0800097c       0x38 ./Core/Src/ILI9341_STM32_Driver.o
                0x0800097c                ILI9341_WriteBuffer
 .text.ILI9341_SetAddress
                0x080009b4       0x90 ./Core/Src/ILI9341_STM32_Driver.o
                0x080009b4                ILI9341_SetAddress
 .text.ILI9341_Reset
                0x08000a44       0x44 ./Core/Src/ILI9341_STM32_Driver.o
                0x08000a44                ILI9341_Reset
 .text.ILI9341_Enable
                0x08000a88       0x18 ./Core/Src/ILI9341_STM32_Driver.o
                0x08000a88                ILI9341_Enable
 .text.ILI9341_Init
                0x08000aa0      0x214 ./Core/Src/ILI9341_STM32_Driver.o
                0x08000aa0                ILI9341_Init
 .text.ILI9341_SetRotation
                0x08000cb4       0xa0 ./Core/Src/ILI9341_STM32_Driver.o
                0x08000cb4                ILI9341_SetRotation
 .text.ILI9341_DrawColorBurst
                0x08000d54      0x138 ./Core/Src/ILI9341_STM32_Driver.o
                0x08000d54                ILI9341_DrawColorBurst
 .text.ILI9341_FillScreen
                0x08000e8c       0x4c ./Core/Src/ILI9341_STM32_Driver.o
                0x08000e8c                ILI9341_FillScreen
 .text.ILI9341_DrawPixel
                0x08000ed8       0xcc ./Core/Src/ILI9341_STM32_Driver.o
                0x08000ed8                ILI9341_DrawPixel
 .text.ILI9341_DrawRectangle
                0x08000fa4       0xb8 ./Core/Src/ILI9341_STM32_Driver.o
                0x08000fa4                ILI9341_DrawRectangle
 .text.main     0x0800105c       0x2c ./Core/Src/main.o
                0x0800105c                main
 .text.Display_LCD_UI
                0x08001088       0xf8 ./Core/Src/main.o
                0x08001088                Display_LCD_UI
 .text.SystemClock_Config
                0x08001180       0xc0 ./Core/Src/main.o
                0x08001180                SystemClock_Config
 .text.MX_SPI1_Init
                0x08001240       0x6c ./Core/Src/main.o
 .text.MX_DMA_Init
                0x080012ac       0x40 ./Core/Src/main.o
 .text.MX_GPIO_Init
                0x080012ec       0x88 ./Core/Src/main.o
 .text.Error_Handler
                0x08001374        0xc ./Core/Src/main.o
                0x08001374                Error_Handler
 .text.HAL_MspInit
                0x08001380       0x50 ./Core/Src/stm32f4xx_hal_msp.o
                0x08001380                HAL_MspInit
 .text.HAL_SPI_MspInit
                0x080013d0       0xf4 ./Core/Src/stm32f4xx_hal_msp.o
                0x080013d0                HAL_SPI_MspInit
 .text.NMI_Handler
                0x080014c4        0x8 ./Core/Src/stm32f4xx_it.o
                0x080014c4                NMI_Handler
 .text.HardFault_Handler
                0x080014cc        0x8 ./Core/Src/stm32f4xx_it.o
                0x080014cc                HardFault_Handler
 .text.MemManage_Handler
                0x080014d4        0x8 ./Core/Src/stm32f4xx_it.o
                0x080014d4                MemManage_Handler
 .text.BusFault_Handler
                0x080014dc        0x8 ./Core/Src/stm32f4xx_it.o
                0x080014dc                BusFault_Handler
 .text.UsageFault_Handler
                0x080014e4        0x8 ./Core/Src/stm32f4xx_it.o
                0x080014e4                UsageFault_Handler
 .text.SVC_Handler
                0x080014ec        0xe ./Core/Src/stm32f4xx_it.o
                0x080014ec                SVC_Handler
 .text.DebugMon_Handler
                0x080014fa        0xe ./Core/Src/stm32f4xx_it.o
                0x080014fa                DebugMon_Handler
 .text.PendSV_Handler
                0x08001508        0xe ./Core/Src/stm32f4xx_it.o
                0x08001508                PendSV_Handler
 .text.SysTick_Handler
                0x08001516        0xc ./Core/Src/stm32f4xx_it.o
                0x08001516                SysTick_Handler
 *fill*         0x08001522        0x2 
 .text.DMA2_Stream3_IRQHandler
                0x08001524       0x14 ./Core/Src/stm32f4xx_it.o
                0x08001524                DMA2_Stream3_IRQHandler
 .text.SystemInit
                0x08001538       0x24 ./Core/Src/system_stm32f4xx.o
                0x08001538                SystemInit
 .text.Reset_Handler
                0x0800155c       0x50 ./Core/Startup/startup_stm32f401cbux.o
                0x0800155c                Reset_Handler
 .text.Default_Handler
                0x080015ac        0x2 ./Core/Startup/startup_stm32f401cbux.o
                0x080015ac                RTC_Alarm_IRQHandler
                0x080015ac                EXTI2_IRQHandler
                0x080015ac                SPI4_IRQHandler
                0x080015ac                TIM1_CC_IRQHandler
                0x080015ac                DMA2_Stream5_IRQHandler
                0x080015ac                DMA1_Stream5_IRQHandler
                0x080015ac                PVD_IRQHandler
                0x080015ac                SDIO_IRQHandler
                0x080015ac                TAMP_STAMP_IRQHandler
                0x080015ac                EXTI3_IRQHandler
                0x080015ac                TIM1_UP_TIM10_IRQHandler
                0x080015ac                I2C3_ER_IRQHandler
                0x080015ac                EXTI0_IRQHandler
                0x080015ac                I2C2_EV_IRQHandler
                0x080015ac                DMA1_Stream2_IRQHandler
                0x080015ac                FPU_IRQHandler
                0x080015ac                DMA2_Stream2_IRQHandler
                0x080015ac                SPI1_IRQHandler
                0x080015ac                TIM1_BRK_TIM9_IRQHandler
                0x080015ac                USART6_IRQHandler
                0x080015ac                DMA2_Stream0_IRQHandler
                0x080015ac                TIM4_IRQHandler
                0x080015ac                I2C1_EV_IRQHandler
                0x080015ac                DMA1_Stream6_IRQHandler
                0x080015ac                DMA1_Stream1_IRQHandler
                0x080015ac                TIM3_IRQHandler
                0x080015ac                RCC_IRQHandler
                0x080015ac                Default_Handler
                0x080015ac                EXTI15_10_IRQHandler
                0x080015ac                ADC_IRQHandler
                0x080015ac                DMA1_Stream7_IRQHandler
                0x080015ac                TIM5_IRQHandler
                0x080015ac                DMA2_Stream7_IRQHandler
                0x080015ac                I2C3_EV_IRQHandler
                0x080015ac                EXTI9_5_IRQHandler
                0x080015ac                RTC_WKUP_IRQHandler
                0x080015ac                SPI2_IRQHandler
                0x080015ac                DMA1_Stream0_IRQHandler
                0x080015ac                EXTI4_IRQHandler
                0x080015ac                WWDG_IRQHandler
                0x080015ac                TIM2_IRQHandler
                0x080015ac                OTG_FS_WKUP_IRQHandler
                0x080015ac                TIM1_TRG_COM_TIM11_IRQHandler
                0x080015ac                EXTI1_IRQHandler
                0x080015ac                USART2_IRQHandler
                0x080015ac                I2C2_ER_IRQHandler
                0x080015ac                DMA2_Stream1_IRQHandler
                0x080015ac                FLASH_IRQHandler
                0x080015ac                DMA2_Stream4_IRQHandler
                0x080015ac                USART1_IRQHandler
                0x080015ac                OTG_FS_IRQHandler
                0x080015ac                SPI3_IRQHandler
                0x080015ac                DMA1_Stream4_IRQHandler
                0x080015ac                I2C1_ER_IRQHandler
                0x080015ac                DMA2_Stream6_IRQHandler
                0x080015ac                DMA1_Stream3_IRQHandler
 *fill*         0x080015ae        0x2 
 .text.HAL_Init
                0x080015b0       0x44 ./Drivers/STM32F4xx_HAL_Driver/Src/stm32f4xx_hal.o
                0x080015b0                HAL_Init
 .text.HAL_InitTick
                0x080015f4       0x60 ./Drivers/STM32F4xx_HAL_Driver/Src/stm32f4xx_hal.o
                0x080015f4                HAL_InitTick
 .text.HAL_IncTick
                0x08001654       0x28 ./Drivers/STM32F4xx_HAL_Driver/Src/stm32f4xx_hal.o
                0x08001654                HAL_IncTick
 .text.HAL_GetTick
                0x0800167c       0x18 ./Drivers/STM32F4xx_HAL_Driver/Src/stm32f4xx_hal.o
                0x0800167c                HAL_GetTick
 .text.HAL_Delay
                0x08001694       0x48 ./Drivers/STM32F4xx_HAL_Driver/Src/stm32f4xx_hal.o
                0x08001694                HAL_Delay
 .text.__NVIC_SetPriorityGrouping
                0x080016dc       0x48 ./Drivers/STM32F4xx_HAL_Driver/Src/stm32f4xx_hal_cortex.o
 .text.__NVIC_GetPriorityGrouping
                0x08001724       0x1c ./Drivers/STM32F4xx_HAL_Driver/Src/stm32f4xx_hal_cortex.o
 .text.__NVIC_EnableIRQ
                0x08001740       0x3c ./Drivers/STM32F4xx_HAL_Driver/Src/stm32f4xx_hal_cortex.o
 .text.__NVIC_SetPriority
                0x0800177c       0x54 ./Drivers/STM32F4xx_HAL_Driver/Src/stm32f4xx_hal_cortex.o
 .text.NVIC_EncodePriority
                0x080017d0       0x66 ./Drivers/STM32F4xx_HAL_Driver/Src/stm32f4xx_hal_cortex.o
 *fill*         0x08001836        0x2 
 .text.SysTick_Config
                0x08001838       0x44 ./Drivers/STM32F4xx_HAL_Driver/Src/stm32f4xx_hal_cortex.o
 .text.HAL_NVIC_SetPriorityGrouping
                0x0800187c       0x16 ./Drivers/STM32F4xx_HAL_Driver/Src/stm32f4xx_hal_cortex.o
                0x0800187c                HAL_NVIC_SetPriorityGrouping
 .text.HAL_NVIC_SetPriority
                0x08001892       0x38 ./Drivers/STM32F4xx_HAL_Driver/Src/stm32f4xx_hal_cortex.o
                0x08001892                HAL_NVIC_SetPriority
 .text.HAL_NVIC_EnableIRQ
                0x080018ca       0x1c ./Drivers/STM32F4xx_HAL_Driver/Src/stm32f4xx_hal_cortex.o
                0x080018ca                HAL_NVIC_EnableIRQ
 .text.HAL_SYSTICK_Config
                0x080018e6       0x18 ./Drivers/STM32F4xx_HAL_Driver/Src/stm32f4xx_hal_cortex.o
                0x080018e6                HAL_SYSTICK_Config
 *fill*         0x080018fe        0x2 
 .text.HAL_DMA_Init
                0x08001900      0x15c ./Drivers/STM32F4xx_HAL_Driver/Src/stm32f4xx_hal_dma.o
                0x08001900                HAL_DMA_Init
 .text.HAL_DMA_Start_IT
                0x08001a5c       0xb0 ./Drivers/STM32F4xx_HAL_Driver/Src/stm32f4xx_hal_dma.o
                0x08001a5c                HAL_DMA_Start_IT
 .text.HAL_DMA_IRQHandler
                0x08001b0c      0x314 ./Drivers/STM32F4xx_HAL_Driver/Src/stm32f4xx_hal_dma.o
                0x08001b0c                HAL_DMA_IRQHandler
 .text.DMA_SetConfig
                0x08001e20       0x5c ./Drivers/STM32F4xx_HAL_Driver/Src/stm32f4xx_hal_dma.o
 .text.DMA_CalcBaseAndBitshift
                0x08001e7c       0x6c ./Drivers/STM32F4xx_HAL_Driver/Src/stm32f4xx_hal_dma.o
 .text.DMA_CheckFifoParam
                0x08001ee8       0xf8 ./Drivers/STM32F4xx_HAL_Driver/Src/stm32f4xx_hal_dma.o
 .text.HAL_GPIO_Init
                0x08001fe0      0x308 ./Drivers/STM32F4xx_HAL_Driver/Src/stm32f4xx_hal_gpio.o
                0x08001fe0                HAL_GPIO_Init
 .text.HAL_GPIO_WritePin
                0x080022e8       0x32 ./Drivers/STM32F4xx_HAL_Driver/Src/stm32f4xx_hal_gpio.o
                0x080022e8                HAL_GPIO_WritePin
 *fill*         0x0800231a        0x2 
 .text.HAL_RCC_OscConfig
                0x0800231c      0x4f0 ./Drivers/STM32F4xx_HAL_Driver/Src/stm32f4xx_hal_rcc.o
                0x0800231c                HAL_RCC_OscConfig
 .text.HAL_RCC_ClockConfig
                0x0800280c      0x1cc ./Drivers/STM32F4xx_HAL_Driver/Src/stm32f4xx_hal_rcc.o
                0x0800280c                HAL_RCC_ClockConfig
 .text.HAL_RCC_GetSysClockFreq
                0x080029d8      0x18c ./Drivers/STM32F4xx_HAL_Driver/Src/stm32f4xx_hal_rcc.o
                0x080029d8                HAL_RCC_GetSysClockFreq
 .text.HAL_SPI_Init
                0x08002b64      0x112 ./Drivers/STM32F4xx_HAL_Driver/Src/stm32f4xx_hal_spi.o
                0x08002b64                HAL_SPI_Init
 .text.HAL_SPI_Transmit
                0x08002c76      0x288 ./Drivers/STM32F4xx_HAL_Driver/Src/stm32f4xx_hal_spi.o
                0x08002c76                HAL_SPI_Transmit
 *fill*         0x08002efe        0x2 
 .text.HAL_SPI_Transmit_DMA
                0x08002f00      0x164 ./Drivers/STM32F4xx_HAL_Driver/Src/stm32f4xx_hal_spi.o
                0x08002f00                HAL_SPI_Transmit_DMA
 .text.HAL_SPI_TxHalfCpltCallback
                0x08003064       0x14 ./Drivers/STM32F4xx_HAL_Driver/Src/stm32f4xx_hal_spi.o
                0x08003064                HAL_SPI_TxHalfCpltCallback
 .text.HAL_SPI_ErrorCallback
                0x08003078       0x14 ./Drivers/STM32F4xx_HAL_Driver/Src/stm32f4xx_hal_spi.o
                0x08003078                HAL_SPI_ErrorCallback
 .text.SPI_DMATransmitCplt
                0x0800308c       0xa8 ./Drivers/STM32F4xx_HAL_Driver/Src/stm32f4xx_hal_spi.o
 .text.SPI_DMAHalfTransmitCplt
                0x08003134       0x1c ./Drivers/STM32F4xx_HAL_Driver/Src/stm32f4xx_hal_spi.o
 .text.SPI_DMAError
                0x08003150       0x40 ./Drivers/STM32F4xx_HAL_Driver/Src/stm32f4xx_hal_spi.o
 .text.SPI_WaitFlagStateUntilTimeout
                0x08003190      0x110 ./Drivers/STM32F4xx_HAL_Driver/Src/stm32f4xx_hal_spi.o
 .text.SPI_EndRxTxTransaction
                0x080032a0       0xa8 ./Drivers/STM32F4xx_HAL_Driver/Src/stm32f4xx_hal_spi.o
 .text.memset   0x08003348       0x10 /home/amer/st/stm32cubeide_1.12.0/plugins/com.st.stm32cube.ide.mcu.externaltools.gnu-tools-for-stm32.13.3.rel1.linux64_1.0.0.202410170706/tools/bin/../lib/gcc/arm-none-eabi/13.3.1/../../../../arm-none-eabi/lib/thumb/v7e-m+fp/hard/libc_nano.a(libc_a-memset.o)
                0x08003348                memset
 .text.__libc_init_array
                0x08003358       0x48 /home/amer/st/stm32cubeide_1.12.0/plugins/com.st.stm32cube.ide.mcu.externaltools.gnu-tools-for-stm32.13.3.rel1.linux64_1.0.0.202410170706/tools/bin/../lib/gcc/arm-none-eabi/13.3.1/../../../../arm-none-eabi/lib/thumb/v7e-m+fp/hard/libc_nano.a(libc_a-init.o)
                0x08003358                __libc_init_array
 *(.glue_7)
 .glue_7        0x080033a0        0x0 linker stubs
 *(.glue_7t)
 .glue_7t       0x080033a0        0x0 linker stubs
 *(.eh_frame)
 .eh_frame      0x080033a0        0x0 /home/amer/st/stm32cubeide_1.12.0/plugins/com.st.stm32cube.ide.mcu.externaltools.gnu-tools-for-stm32.13.3.rel1.linux64_1.0.0.202410170706/tools/bin/../lib/gcc/arm-none-eabi/13.3.1/thumb/v7e-m+fp/hard/crtbegin.o
 *(.init)
 .init          0x080033a0        0x4 /home/amer/st/stm32cubeide_1.12.0/plugins/com.st.stm32cube.ide.mcu.externaltools.gnu-tools-for-stm32.13.3.rel1.linux64_1.0.0.202410170706/tools/bin/../lib/gcc/arm-none-eabi/13.3.1/thumb/v7e-m+fp/hard/crti.o
                0x080033a0                _init
 .init          0x080033a4        0x8 /home/amer/st/stm32cubeide_1.12.0/plugins/com.st.stm32cube.ide.mcu.externaltools.gnu-tools-for-stm32.13.3.rel1.linux64_1.0.0.202410170706/tools/bin/../lib/gcc/arm-none-eabi/13.3.1/thumb/v7e-m+fp/hard/crtn.o
 *(.fini)
 .fini          0x080033ac        0x4 /home/amer/st/stm32cubeide_1.12.0/plugins/com.st.stm32cube.ide.mcu.externaltools.gnu-tools-for-stm32.13.3.rel1.linux64_1.0.0.202410170706/tools/bin/../lib/gcc/arm-none-eabi/13.3.1/thumb/v7e-m+fp/hard/crti.o
                0x080033ac                _fini
 .fini          0x080033b0        0x8 /home/amer/st/stm32cubeide_1.12.0/plugins/com.st.stm32cube.ide.mcu.externaltools.gnu-tools-for-stm32.13.3.rel1.linux64_1.0.0.202410170706/tools/bin/../lib/gcc/arm-none-eabi/13.3.1/thumb/v7e-m+fp/hard/crtn.o
                0x080033b8                        . = ALIGN (0x4)
                0x080033b8                        _etext = .

.vfp11_veneer   0x080033b8        0x0
 .vfp11_veneer  0x080033b8        0x0 linker stubs

.v4_bx          0x080033b8        0x0
 .v4_bx         0x080033b8        0x0 linker stubs

.iplt           0x080033b8        0x0
 .iplt          0x080033b8        0x0 /home/amer/st/stm32cubeide_1.12.0/plugins/com.st.stm32cube.ide.mcu.externaltools.gnu-tools-for-stm32.13.3.rel1.linux64_1.0.0.202410170706/tools/bin/../lib/gcc/arm-none-eabi/13.3.1/thumb/v7e-m+fp/hard/crtbegin.o

.rodata         0x080033b8     0x3bc8
                0x080033b8                        . = ALIGN (0x4)
 *(.rodata)
 .rodata        0x080033b8       0x22 ./Core/Src/main.o
 *(.rodata*)
 *fill*         0x080033da        0x2 
 .rodata.Arial_Narrow12x16
                0x080033dc      0x964 ./Core/Src/FONTS.o
                0x080033dc                Arial_Narrow12x16
 .rodata.Arial_Narrow15x19
                0x08003d40     0x1144 ./Core/Src/FONTS.o
                0x08003d40                Arial_Narrow15x19
 .rodata._4     0x08004e84      0x320 ./Core/Src/main.o
                0x08004e84                _4
 .rodata._85    0x080051a4      0xe10 ./Core/Src/main.o
                0x080051a4                _85
 .rodata._less10
                0x08005fb4      0xe10 ./Core/Src/main.o
                0x08005fb4                _less10
 .rodata.gImage_finals
                0x08006dc4      0x1a3 ./Core/Src/main.o
                0x08006dc4                gImage_finals
 *fill*         0x08006f67        0x1 
 .rodata.AHBPrescTable
                0x08006f68       0x10 ./Core/Src/system_stm32f4xx.o
                0x08006f68                AHBPrescTable
 .rodata.flagBitshiftOffset.0
                0x08006f78        0x8 ./Drivers/STM32F4xx_HAL_Driver/Src/stm32f4xx_hal_dma.o
                0x08006f80                        . = ALIGN (0x4)

.ARM.extab      0x08006f80        0x0
                0x08006f80                        . = ALIGN (0x4)
 *(.ARM.extab* .gnu.linkonce.armextab.*)
                0x08006f80                        . = ALIGN (0x4)

.ARM            0x08006f80        0x8
                0x08006f80                        . = ALIGN (0x4)
                0x08006f80                        __exidx_start = .
 *(.ARM.exidx*)
 .ARM.exidx     0x08006f80        0x8 /home/amer/st/stm32cubeide_1.12.0/plugins/com.st.stm32cube.ide.mcu.externaltools.gnu-tools-for-stm32.13.3.rel1.linux64_1.0.0.202410170706/tools/bin/../lib/gcc/arm-none-eabi/13.3.1/thumb/v7e-m+fp/hard/libgcc.a(_udivmoddi4.o)
                0x08006f88                        __exidx_end = .
                0x08006f88                        . = ALIGN (0x4)

.preinit_array  0x08006f88        0x0
                0x08006f88                        . = ALIGN (0x4)
                0x08006f88                        PROVIDE (__preinit_array_start = .)
 *(.preinit_array*)
                0x08006f88                        PROVIDE (__preinit_array_end = .)
                0x08006f88                        . = ALIGN (0x4)

.init_array     0x08006f88        0x4
                0x08006f88                        . = ALIGN (0x4)
                0x08006f88                        PROVIDE (__init_array_start = .)
 *(SORT_BY_NAME(.init_array.*))
 *(.init_array*)
 .init_array    0x08006f88        0x4 /home/amer/st/stm32cubeide_1.12.0/plugins/com.st.stm32cube.ide.mcu.externaltools.gnu-tools-for-stm32.13.3.rel1.linux64_1.0.0.202410170706/tools/bin/../lib/gcc/arm-none-eabi/13.3.1/thumb/v7e-m+fp/hard/crtbegin.o
                0x08006f8c                        PROVIDE (__init_array_end = .)
                0x08006f8c                        . = ALIGN (0x4)

.fini_array     0x08006f8c        0x4
                0x08006f8c                        . = ALIGN (0x4)
                [!provide]                        PROVIDE (__fini_array_start = .)
 *(SORT_BY_NAME(.fini_array.*))
 *(.fini_array*)
 .fini_array    0x08006f8c        0x4 /home/amer/st/stm32cubeide_1.12.0/plugins/com.st.stm32cube.ide.mcu.externaltools.gnu-tools-for-stm32.13.3.rel1.linux64_1.0.0.202410170706/tools/bin/../lib/gcc/arm-none-eabi/13.3.1/thumb/v7e-m+fp/hard/crtbegin.o
                [!provide]                        PROVIDE (__fini_array_end = .)
                0x08006f90                        . = ALIGN (0x4)
                0x08006f90                        _sidata = LOADADDR (.data)

.rel.dyn        0x08006f90        0x0
 .rel.iplt      0x08006f90        0x0 /home/amer/st/stm32cubeide_1.12.0/plugins/com.st.stm32cube.ide.mcu.externaltools.gnu-tools-for-stm32.13.3.rel1.linux64_1.0.0.202410170706/tools/bin/../lib/gcc/arm-none-eabi/13.3.1/thumb/v7e-m+fp/hard/crtbegin.o

.data           0x20000000       0x10 load address 0x08006f90
                0x20000000                        . = ALIGN (0x4)
                0x20000000                        _sdata = .
 *(.data)
 *(.data*)
 .data.LCD_HEIGHT
                0x20000000        0x2 ./Core/Src/ILI9341_STM32_Driver.o
                0x20000000                LCD_HEIGHT
 .data.LCD_WIDTH
                0x20000002        0x2 ./Core/Src/ILI9341_STM32_Driver.o
                0x20000002                LCD_WIDTH
 .data.SystemCoreClock
                0x20000004        0x4 ./Core/Src/system_stm32f4xx.o
                0x20000004                SystemCoreClock
 .data.uwTickPrio
                0x20000008        0x4 ./Drivers/STM32F4xx_HAL_Driver/Src/stm32f4xx_hal.o
                0x20000008                uwTickPrio
 .data.uwTickFreq
                0x2000000c        0x1 ./Drivers/STM32F4xx_HAL_Driver/Src/stm32f4xx_hal.o
                0x2000000c                uwTickFreq
 *(.RamFunc)
 *(.RamFunc*)
                0x20000010                        . = ALIGN (0x4)
 *fill*         0x2000000d        0x3 
                0x20000010                        _edata = .

.igot.plt       0x20000010        0x0 load address 0x08006fa0
 .igot.plt      0x20000010        0x0 /home/amer/st/stm32cubeide_1.12.0/plugins/com.st.stm32cube.ide.mcu.externaltools.gnu-tools-for-stm32.13.3.rel1.linux64_1.0.0.202410170706/tools/bin/../lib/gcc/arm-none-eabi/13.3.1/thumb/v7e-m+fp/hard/crtbegin.o
                0x20000010                        . = ALIGN (0x4)

.bss            0x20000010       0xd8 load address 0x08006fa0
                0x20000010                        _sbss = .
                0x20000010                        __bss_start__ = _sbss
 *(.bss)
 .bss           0x20000010       0x1c /home/amer/st/stm32cubeide_1.12.0/plugins/com.st.stm32cube.ide.mcu.externaltools.gnu-tools-for-stm32.13.3.rel1.linux64_1.0.0.202410170706/tools/bin/../lib/gcc/arm-none-eabi/13.3.1/thumb/v7e-m+fp/hard/crtbegin.o
 *(.bss*)
 .bss.hspi1     0x2000002c       0x58 ./Core/Src/main.o
                0x2000002c                hspi1
 .bss.hdma_spi1_tx
                0x20000084       0x60 ./Core/Src/main.o
                0x20000084                hdma_spi1_tx
 .bss.uwTick    0x200000e4        0x4 ./Drivers/STM32F4xx_HAL_Driver/Src/stm32f4xx_hal.o
                0x200000e4                uwTick
 *(COMMON)
                0x200000e8                        . = ALIGN (0x4)
                0x200000e8                        _ebss = .
                0x200000e8                        __bss_end__ = _ebss

._user_heap_stack
                0x200000e8      0x600 load address 0x08006fa0
                0x200000e8                        . = ALIGN (0x8)
                [!provide]                        PROVIDE (end = .)
                0x200000e8                        PROVIDE (_end = .)
                0x200002e8                        . = (. + _Min_Heap_Size)
 *fill*         0x200000e8      0x200 
                0x200006e8                        . = (. + _Min_Stack_Size)
 *fill*         0x200002e8      0x400 
                0x200006e8                        . = ALIGN (0x8)

/DISCARD/
 libc.a(*)
 libm.a(*)
 libgcc.a(*)

.ARM.attributes
                0x00000000       0x30
 *(.ARM.attributes)
 .ARM.attributes
                0x00000000       0x22 /home/amer/st/stm32cubeide_1.12.0/plugins/com.st.stm32cube.ide.mcu.externaltools.gnu-tools-for-stm32.13.3.rel1.linux64_1.0.0.202410170706/tools/bin/../lib/gcc/arm-none-eabi/13.3.1/thumb/v7e-m+fp/hard/crti.o
 .ARM.attributes
                0x00000022       0x34 /home/amer/st/stm32cubeide_1.12.0/plugins/com.st.stm32cube.ide.mcu.externaltools.gnu-tools-for-stm32.13.3.rel1.linux64_1.0.0.202410170706/tools/bin/../lib/gcc/arm-none-eabi/13.3.1/thumb/v7e-m+fp/hard/crtbegin.o
 .ARM.attributes
                0x00000056       0x34 ./Core/Src/FONTS.o
 .ARM.attributes
                0x0000008a       0x34 ./Core/Src/ILI9341_GFX.o
 .ARM.attributes
                0x000000be       0x34 ./Core/Src/ILI9341_STM32_Driver.o
 .ARM.attributes
                0x000000f2       0x34 ./Core/Src/main.o
 .ARM.attributes
                0x00000126       0x34 ./Core/Src/stm32f4xx_hal_msp.o
 .ARM.attributes
                0x0000015a       0x34 ./Core/Src/stm32f4xx_it.o
 .ARM.attributes
                0x0000018e       0x34 ./Core/Src/system_stm32f4xx.o
 .ARM.attributes
                0x000001c2       0x21 ./Core/Startup/startup_stm32f401cbux.o
 .ARM.attributes
                0x000001e3       0x34 ./Drivers/STM32F4xx_HAL_Driver/Src/stm32f4xx_hal.o
 .ARM.attributes
                0x00000217       0x34 ./Drivers/STM32F4xx_HAL_Driver/Src/stm32f4xx_hal_cortex.o
 .ARM.attributes
                0x0000024b       0x34 ./Drivers/STM32F4xx_HAL_Driver/Src/stm32f4xx_hal_dma.o
 .ARM.attributes
                0x0000027f       0x34 ./Drivers/STM32F4xx_HAL_Driver/Src/stm32f4xx_hal_gpio.o
 .ARM.attributes
                0x000002b3       0x34 ./Drivers/STM32F4xx_HAL_Driver/Src/stm32f4xx_hal_rcc.o
 .ARM.attributes
                0x000002e7       0x34 ./Drivers/STM32F4xx_HAL_Driver/Src/stm32f4xx_hal_spi.o
 .ARM.attributes
                0x0000031b       0x34 /home/amer/st/stm32cubeide_1.12.0/plugins/com.st.stm32cube.ide.mcu.externaltools.gnu-tools-for-stm32.13.3.rel1.linux64_1.0.0.202410170706/tools/bin/../lib/gcc/arm-none-eabi/13.3.1/../../../../arm-none-eabi/lib/thumb/v7e-m+fp/hard/libc_nano.a(libc_a-memset.o)
 .ARM.attributes
                0x0000034f       0x34 /home/amer/st/stm32cubeide_1.12.0/plugins/com.st.stm32cube.ide.mcu.externaltools.gnu-tools-for-stm32.13.3.rel1.linux64_1.0.0.202410170706/tools/bin/../lib/gcc/arm-none-eabi/13.3.1/../../../../arm-none-eabi/lib/thumb/v7e-m+fp/hard/libc_nano.a(libc_a-init.o)
 .ARM.attributes
                0x00000383       0x22 /home/amer/st/stm32cubeide_1.12.0/plugins/com.st.stm32cube.ide.mcu.externaltools.gnu-tools-for-stm32.13.3.rel1.linux64_1.0.0.202410170706/tools/bin/../lib/gcc/arm-none-eabi/13.3.1/thumb/v7e-m+fp/hard/libgcc.a(_aeabi_uldivmod.o)
 .ARM.attributes
                0x000003a5       0x34 /home/amer/st/stm32cubeide_1.12.0/plugins/com.st.stm32cube.ide.mcu.externaltools.gnu-tools-for-stm32.13.3.rel1.linux64_1.0.0.202410170706/tools/bin/../lib/gcc/arm-none-eabi/13.3.1/thumb/v7e-m+fp/hard/libgcc.a(_udivmoddi4.o)
 .ARM.attributes
                0x000003d9       0x22 /home/amer/st/stm32cubeide_1.12.0/plugins/com.st.stm32cube.ide.mcu.externaltools.gnu-tools-for-stm32.13.3.rel1.linux64_1.0.0.202410170706/tools/bin/../lib/gcc/arm-none-eabi/13.3.1/thumb/v7e-m+fp/hard/libgcc.a(_dvmd_tls.o)
 .ARM.attributes
                0x000003fb       0x22 /home/amer/st/stm32cubeide_1.12.0/plugins/com.st.stm32cube.ide.mcu.externaltools.gnu-tools-for-stm32.13.3.rel1.linux64_1.0.0.202410170706/tools/bin/../lib/gcc/arm-none-eabi/13.3.1/thumb/v7e-m+fp/hard/crtn.o
OUTPUT(Proteus_test_lcd.elf elf32-littlearm)
LOAD linker stubs
LOAD /home/amer/st/stm32cubeide_1.12.0/plugins/com.st.stm32cube.ide.mcu.externaltools.gnu-tools-for-stm32.13.3.rel1.linux64_1.0.0.202410170706/tools/bin/../lib/gcc/arm-none-eabi/13.3.1/../../../../arm-none-eabi/lib/thumb/v7e-m+fp/hard/libc.a
LOAD /home/amer/st/stm32cubeide_1.12.0/plugins/com.st.stm32cube.ide.mcu.externaltools.gnu-tools-for-stm32.13.3.rel1.linux64_1.0.0.202410170706/tools/bin/../lib/gcc/arm-none-eabi/13.3.1/../../../../arm-none-eabi/lib/thumb/v7e-m+fp/hard/libm.a
LOAD /home/amer/st/stm32cubeide_1.12.0/plugins/com.st.stm32cube.ide.mcu.externaltools.gnu-tools-for-stm32.13.3.rel1.linux64_1.0.0.202410170706/tools/bin/../lib/gcc/arm-none-eabi/13.3.1/thumb/v7e-m+fp/hard/libgcc.a

.debug_info     0x00000000     0x7c4b
 .debug_info    0x00000000      0x159 ./Core/Src/FONTS.o
 .debug_info    0x00000159      0x88f ./Core/Src/ILI9341_GFX.o
 .debug_info    0x000009e8      0xb80 ./Core/Src/ILI9341_STM32_Driver.o
 .debug_info    0x00001568     0x1037 ./Core/Src/main.o
 .debug_info    0x0000259f      0x9ba ./Core/Src/stm32f4xx_hal_msp.o
 .debug_info    0x00002f59      0x3bf ./Core/Src/stm32f4xx_it.o
 .debug_info    0x00003318      0x53e ./Core/Src/system_stm32f4xx.o
 .debug_info    0x00003856       0x30 ./Core/Startup/startup_stm32f401cbux.o
 .debug_info    0x00003886      0x8bb ./Drivers/STM32F4xx_HAL_Driver/Src/stm32f4xx_hal.o
 .debug_info    0x00004141      0xcf6 ./Drivers/STM32F4xx_HAL_Driver/Src/stm32f4xx_hal_cortex.o
 .debug_info    0x00004e37      0x8e6 ./Drivers/STM32F4xx_HAL_Driver/Src/stm32f4xx_hal_dma.o
 .debug_info    0x0000571d      0x6f9 ./Drivers/STM32F4xx_HAL_Driver/Src/stm32f4xx_hal_gpio.o
 .debug_info    0x00005e16      0x905 ./Drivers/STM32F4xx_HAL_Driver/Src/stm32f4xx_hal_rcc.o
 .debug_info    0x0000671b     0x1530 ./Drivers/STM32F4xx_HAL_Driver/Src/stm32f4xx_hal_spi.o

.debug_abbrev   0x00000000     0x1aa4
 .debug_abbrev  0x00000000       0x8e ./Core/Src/FONTS.o
 .debug_abbrev  0x0000008e      0x179 ./Core/Src/ILI9341_GFX.o
 .debug_abbrev  0x00000207      0x2a1 ./Core/Src/ILI9341_STM32_Driver.o
 .debug_abbrev  0x000004a8      0x313 ./Core/Src/main.o
 .debug_abbrev  0x000007bb      0x1eb ./Core/Src/stm32f4xx_hal_msp.o
 .debug_abbrev  0x000009a6      0x138 ./Core/Src/stm32f4xx_it.o
 .debug_abbrev  0x00000ade      0x11a ./Core/Src/system_stm32f4xx.o
 .debug_abbrev  0x00000bf8       0x24 ./Core/Startup/startup_stm32f401cbux.o
 .debug_abbrev  0x00000c1c      0x24b ./Drivers/STM32F4xx_HAL_Driver/Src/stm32f4xx_hal.o
 .debug_abbrev  0x00000e67      0x31d ./Drivers/STM32F4xx_HAL_Driver/Src/stm32f4xx_hal_cortex.o
 .debug_abbrev  0x00001184      0x221 ./Drivers/STM32F4xx_HAL_Driver/Src/stm32f4xx_hal_dma.o
 .debug_abbrev  0x000013a5      0x1d3 ./Drivers/STM32F4xx_HAL_Driver/Src/stm32f4xx_hal_gpio.o
 .debug_abbrev  0x00001578      0x2b6 ./Drivers/STM32F4xx_HAL_Driver/Src/stm32f4xx_hal_rcc.o
 .debug_abbrev  0x0000182e      0x276 ./Drivers/STM32F4xx_HAL_Driver/Src/stm32f4xx_hal_spi.o

.debug_aranges  0x00000000      0x7c0
 .debug_aranges
                0x00000000       0x18 ./Core/Src/FONTS.o
 .debug_aranges
                0x00000018       0x68 ./Core/Src/ILI9341_GFX.o
 .debug_aranges
                0x00000080       0xa8 ./Core/Src/ILI9341_STM32_Driver.o
 .debug_aranges
                0x00000128       0x50 ./Core/Src/main.o
 .debug_aranges
                0x00000178       0x30 ./Core/Src/stm32f4xx_hal_msp.o
 .debug_aranges
                0x000001a8       0x68 ./Core/Src/stm32f4xx_it.o
 .debug_aranges
                0x00000210       0x28 ./Core/Src/system_stm32f4xx.o
 .debug_aranges
                0x00000238       0x28 ./Core/Startup/startup_stm32f401cbux.o
 .debug_aranges
                0x00000260       0xf0 ./Drivers/STM32F4xx_HAL_Driver/Src/stm32f4xx_hal.o
 .debug_aranges
                0x00000350      0x130 ./Drivers/STM32F4xx_HAL_Driver/Src/stm32f4xx_hal_cortex.o
 .debug_aranges
                0x00000480       0x90 ./Drivers/STM32F4xx_HAL_Driver/Src/stm32f4xx_hal_dma.o
 .debug_aranges
                0x00000510       0x58 ./Drivers/STM32F4xx_HAL_Driver/Src/stm32f4xx_hal_gpio.o
 .debug_aranges
                0x00000568       0x88 ./Drivers/STM32F4xx_HAL_Driver/Src/stm32f4xx_hal_rcc.o
 .debug_aranges
                0x000005f0      0x1d0 ./Drivers/STM32F4xx_HAL_Driver/Src/stm32f4xx_hal_spi.o

.debug_macro    0x00000000    0x14e55
 .debug_macro   0x00000000       0x72 ./Core/Src/FONTS.o
 .debug_macro   0x00000072      0xad8 ./Core/Src/FONTS.o
 .debug_macro   0x00000b4a       0x22 ./Core/Src/FONTS.o
 .debug_macro   0x00000b6c       0x8e ./Core/Src/FONTS.o
 .debug_macro   0x00000bfa       0x51 ./Core/Src/FONTS.o
 .debug_macro   0x00000c4b      0x103 ./Core/Src/FONTS.o
 .debug_macro   0x00000d4e       0x6a ./Core/Src/FONTS.o
 .debug_macro   0x00000db8      0x1df ./Core/Src/FONTS.o
 .debug_macro   0x00000f97       0x1c ./Core/Src/FONTS.o
 .debug_macro   0x00000fb3      0x1ea ./Core/Src/ILI9341_GFX.o
 .debug_macro   0x0000119d      0x295 ./Core/Src/ILI9341_GFX.o
 .debug_macro   0x00001432       0x2e ./Core/Src/ILI9341_GFX.o
 .debug_macro   0x00001460       0x28 ./Core/Src/ILI9341_GFX.o
 .debug_macro   0x00001488       0x1c ./Core/Src/ILI9341_GFX.o
 .debug_macro   0x000014a4       0x22 ./Core/Src/ILI9341_GFX.o
 .debug_macro   0x000014c6       0xfb ./Core/Src/ILI9341_GFX.o
 .debug_macro   0x000015c1     0x1011 ./Core/Src/ILI9341_GFX.o
 .debug_macro   0x000025d2      0x11f ./Core/Src/ILI9341_GFX.o
 .debug_macro   0x000026f1     0xb881 ./Core/Src/ILI9341_GFX.o
 .debug_macro   0x0000df72       0x6d ./Core/Src/ILI9341_GFX.o
 .debug_macro   0x0000dfdf     0x3693 ./Core/Src/ILI9341_GFX.o
 .debug_macro   0x00011672      0x190 ./Core/Src/ILI9341_GFX.o
 .debug_macro   0x00011802       0x5c ./Core/Src/ILI9341_GFX.o
 .debug_macro   0x0001185e      0x416 ./Core/Src/ILI9341_GFX.o
 .debug_macro   0x00011c74      0x9e9 ./Core/Src/ILI9341_GFX.o
 .debug_macro   0x0001265d      0x115 ./Core/Src/ILI9341_GFX.o
 .debug_macro   0x00012772       0xf8 ./Core/Src/ILI9341_GFX.o
 .debug_macro   0x0001286a       0xa5 ./Core/Src/ILI9341_GFX.o
 .debug_macro   0x0001290f      0x15f ./Core/Src/ILI9341_GFX.o
 .debug_macro   0x00012a6e      0x287 ./Core/Src/ILI9341_GFX.o
 .debug_macro   0x00012cf5       0x5f ./Core/Src/ILI9341_GFX.o
 .debug_macro   0x00012d54      0x236 ./Core/Src/ILI9341_GFX.o
 .debug_macro   0x00012f8a      0x132 ./Core/Src/ILI9341_GFX.o
 .debug_macro   0x000130bc      0x23a ./Core/Src/ILI9341_GFX.o
 .debug_macro   0x000132f6       0x2e ./Core/Src/ILI9341_GFX.o
 .debug_macro   0x00013324      0x127 ./Core/Src/ILI9341_GFX.o
 .debug_macro   0x0001344b       0x85 ./Core/Src/ILI9341_GFX.o
 .debug_macro   0x000134d0       0x89 ./Core/Src/ILI9341_GFX.o
 .debug_macro   0x00013559      0x225 ./Core/Src/ILI9341_GFX.o
 .debug_macro   0x0001377e      0x126 ./Core/Src/ILI9341_GFX.o
 .debug_macro   0x000138a4       0x2e ./Core/Src/ILI9341_GFX.o
 .debug_macro   0x000138d2       0xca ./Core/Src/ILI9341_GFX.o
 .debug_macro   0x0001399c       0x22 ./Core/Src/ILI9341_GFX.o
 .debug_macro   0x000139be       0x10 ./Core/Src/ILI9341_GFX.o
 .debug_macro   0x000139ce      0x1d2 ./Core/Src/ILI9341_STM32_Driver.o
 .debug_macro   0x00013ba0      0x23c ./Core/Src/main.o
 .debug_macro   0x00013ddc       0x28 ./Core/Src/main.o
 .debug_macro   0x00013e04      0x1c9 ./Core/Src/stm32f4xx_hal_msp.o
 .debug_macro   0x00013fcd      0x1d3 ./Core/Src/stm32f4xx_it.o
 .debug_macro   0x000141a0      0x1ba ./Core/Src/system_stm32f4xx.o
 .debug_macro   0x0001435a      0x21a ./Drivers/STM32F4xx_HAL_Driver/Src/stm32f4xx_hal.o
 .debug_macro   0x00014574      0x1ba ./Drivers/STM32F4xx_HAL_Driver/Src/stm32f4xx_hal_cortex.o
 .debug_macro   0x0001472e      0x1c0 ./Drivers/STM32F4xx_HAL_Driver/Src/stm32f4xx_hal_dma.o
 .debug_macro   0x000148ee      0x1c0 ./Drivers/STM32F4xx_HAL_Driver/Src/stm32f4xx_hal_gpio.o
 .debug_macro   0x00014aae      0x1de ./Drivers/STM32F4xx_HAL_Driver/Src/stm32f4xx_hal_rcc.o
 .debug_macro   0x00014c8c      0x1c9 ./Drivers/STM32F4xx_HAL_Driver/Src/stm32f4xx_hal_spi.o

.debug_line     0x00000000     0x8e8a
 .debug_line    0x00000000      0x367 ./Core/Src/FONTS.o
 .debug_line    0x00000367      0xac4 ./Core/Src/ILI9341_GFX.o
 .debug_line    0x00000e2b      0xa29 ./Core/Src/ILI9341_STM32_Driver.o
 .debug_line    0x00001854      0x861 ./Core/Src/main.o
 .debug_line    0x000020b5      0x6ea ./Core/Src/stm32f4xx_hal_msp.o
 .debug_line    0x0000279f      0x738 ./Core/Src/stm32f4xx_it.o
 .debug_line    0x00002ed7      0x6e7 ./Core/Src/system_stm32f4xx.o
 .debug_line    0x000035be       0x7a ./Core/Startup/startup_stm32f401cbux.o
 .debug_line    0x00003638      0x963 ./Drivers/STM32F4xx_HAL_Driver/Src/stm32f4xx_hal.o
 .debug_line    0x00003f9b      0xc33 ./Drivers/STM32F4xx_HAL_Driver/Src/stm32f4xx_hal_cortex.o
 .debug_line    0x00004bce      0xecf ./Drivers/STM32F4xx_HAL_Driver/Src/stm32f4xx_hal_dma.o
 .debug_line    0x00005a9d      0xa7f ./Drivers/STM32F4xx_HAL_Driver/Src/stm32f4xx_hal_gpio.o
 .debug_line    0x0000651c      0xd70 ./Drivers/STM32F4xx_HAL_Driver/Src/stm32f4xx_hal_rcc.o
 .debug_line    0x0000728c     0x1bfe ./Drivers/STM32F4xx_HAL_Driver/Src/stm32f4xx_hal_spi.o

.debug_str      0x00000000    0x81294
 .debug_str     0x00000000    0x81294 ./Core/Src/FONTS.o
                               0x3e52 (size before relaxing)
 .debug_str     0x00081294    0x7f069 ./Core/Src/ILI9341_GFX.o
 .debug_str     0x00081294    0x7f41d ./Core/Src/ILI9341_STM32_Driver.o
 .debug_str     0x00081294    0x7fa3b ./Core/Src/main.o
 .debug_str     0x00081294    0x7f122 ./Core/Src/stm32f4xx_hal_msp.o
 .debug_str     0x00081294    0x7edc4 ./Core/Src/stm32f4xx_it.o
 .debug_str     0x00081294    0x7ebf4 ./Core/Src/system_stm32f4xx.o
 .debug_str     0x00081294       0x7e ./Core/Startup/startup_stm32f401cbux.o
 .debug_str     0x00081294    0x7f616 ./Drivers/STM32F4xx_HAL_Driver/Src/stm32f4xx_hal.o
 .debug_str     0x00081294    0x7f380 ./Drivers/STM32F4xx_HAL_Driver/Src/stm32f4xx_hal_cortex.o
 .debug_str     0x00081294    0x7effc ./Drivers/STM32F4xx_HAL_Driver/Src/stm32f4xx_hal_dma.o
 .debug_str     0x00081294    0x7ed6f ./Drivers/STM32F4xx_HAL_Driver/Src/stm32f4xx_hal_gpio.o
 .debug_str     0x00081294    0x7f028 ./Drivers/STM32F4xx_HAL_Driver/Src/stm32f4xx_hal_rcc.o
 .debug_str     0x00081294    0x7f4a0 ./Drivers/STM32F4xx_HAL_Driver/Src/stm32f4xx_hal_spi.o

.comment        0x00000000       0x43
 .comment       0x00000000       0x43 ./Core/Src/FONTS.o
                                 0x44 (size before relaxing)
 .comment       0x00000043       0x44 ./Core/Src/ILI9341_GFX.o
 .comment       0x00000043       0x44 ./Core/Src/ILI9341_STM32_Driver.o
 .comment       0x00000043       0x44 ./Core/Src/main.o
 .comment       0x00000043       0x44 ./Core/Src/stm32f4xx_hal_msp.o
 .comment       0x00000043       0x44 ./Core/Src/stm32f4xx_it.o
 .comment       0x00000043       0x44 ./Core/Src/system_stm32f4xx.o
 .comment       0x00000043       0x44 ./Drivers/STM32F4xx_HAL_Driver/Src/stm32f4xx_hal.o
 .comment       0x00000043       0x44 ./Drivers/STM32F4xx_HAL_Driver/Src/stm32f4xx_hal_cortex.o
 .comment       0x00000043       0x44 ./Drivers/STM32F4xx_HAL_Driver/Src/stm32f4xx_hal_dma.o
 .comment       0x00000043       0x44 ./Drivers/STM32F4xx_HAL_Driver/Src/stm32f4xx_hal_gpio.o
 .comment       0x00000043       0x44 ./Drivers/STM32F4xx_HAL_Driver/Src/stm32f4xx_hal_rcc.o
 .comment       0x00000043       0x44 ./Drivers/STM32F4xx_HAL_Driver/Src/stm32f4xx_hal_spi.o

.debug_rnglists
                0x00000000      0x5bc
 .debug_rnglists
                0x00000000       0x52 ./Core/Src/ILI9341_GFX.o
 .debug_rnglists
                0x00000052       0x81 ./Core/Src/ILI9341_STM32_Driver.o
 .debug_rnglists
                0x000000d3       0x3a ./Core/Src/main.o
 .debug_rnglists
                0x0000010d       0x20 ./Core/Src/stm32f4xx_hal_msp.o
 .debug_rnglists
                0x0000012d       0x49 ./Core/Src/stm32f4xx_it.o
 .debug_rnglists
                0x00000176       0x1a ./Core/Src/system_stm32f4xx.o
 .debug_rnglists
                0x00000190       0x19 ./Core/Startup/startup_stm32f401cbux.o
 .debug_rnglists
                0x000001a9       0xaf ./Drivers/STM32F4xx_HAL_Driver/Src/stm32f4xx_hal.o
 .debug_rnglists
                0x00000258       0xe0 ./Drivers/STM32F4xx_HAL_Driver/Src/stm32f4xx_hal_cortex.o
 .debug_rnglists
                0x00000338       0x70 ./Drivers/STM32F4xx_HAL_Driver/Src/stm32f4xx_hal_dma.o
 .debug_rnglists
                0x000003a8       0x3f ./Drivers/STM32F4xx_HAL_Driver/Src/stm32f4xx_hal_gpio.o
 .debug_rnglists
                0x000003e7       0x66 ./Drivers/STM32F4xx_HAL_Driver/Src/stm32f4xx_hal_rcc.o
 .debug_rnglists
                0x0000044d      0x16f ./Drivers/STM32F4xx_HAL_Driver/Src/stm32f4xx_hal_spi.o

.debug_frame    0x00000000     0x1df8
 .debug_frame   0x00000000      0x194 ./Core/Src/ILI9341_GFX.o
 .debug_frame   0x00000194      0x29c ./Core/Src/ILI9341_STM32_Driver.o
 .debug_frame   0x00000430       0xf0 ./Core/Src/main.o
 .debug_frame   0x00000520       0x80 ./Core/Src/stm32f4xx_hal_msp.o
 .debug_frame   0x000005a0      0x120 ./Core/Src/stm32f4xx_it.o
 .debug_frame   0x000006c0       0x58 ./Core/Src/system_stm32f4xx.o
 .debug_frame   0x00000718      0x374 ./Drivers/STM32F4xx_HAL_Driver/Src/stm32f4xx_hal.o
 .debug_frame   0x00000a8c      0x508 ./Drivers/STM32F4xx_HAL_Driver/Src/stm32f4xx_hal_cortex.o
 .debug_frame   0x00000f94      0x250 ./Drivers/STM32F4xx_HAL_Driver/Src/stm32f4xx_hal_dma.o
 .debug_frame   0x000011e4      0x14c ./Drivers/STM32F4xx_HAL_Driver/Src/stm32f4xx_hal_gpio.o
 .debug_frame   0x00001330      0x1f4 ./Drivers/STM32F4xx_HAL_Driver/Src/stm32f4xx_hal_rcc.o
 .debug_frame   0x00001524      0x828 ./Drivers/STM32F4xx_HAL_Driver/Src/stm32f4xx_hal_spi.o
 .debug_frame   0x00001d4c       0x20 /home/amer/st/stm32cubeide_1.12.0/plugins/com.st.stm32cube.ide.mcu.externaltools.gnu-tools-for-stm32.13.3.rel1.linux64_1.0.0.202410170706/tools/bin/../lib/gcc/arm-none-eabi/13.3.1/../../../../arm-none-eabi/lib/thumb/v7e-m+fp/hard/libc_nano.a(libc_a-memset.o)
 .debug_frame   0x00001d6c       0x2c /home/amer/st/stm32cubeide_1.12.0/plugins/com.st.stm32cube.ide.mcu.externaltools.gnu-tools-for-stm32.13.3.rel1.linux64_1.0.0.202410170706/tools/bin/../lib/gcc/arm-none-eabi/13.3.1/../../../../arm-none-eabi/lib/thumb/v7e-m+fp/hard/libc_nano.a(libc_a-init.o)
 .debug_frame   0x00001d98       0x2c /home/amer/st/stm32cubeide_1.12.0/plugins/com.st.stm32cube.ide.mcu.externaltools.gnu-tools-for-stm32.13.3.rel1.linux64_1.0.0.202410170706/tools/bin/../lib/gcc/arm-none-eabi/13.3.1/thumb/v7e-m+fp/hard/libgcc.a(_aeabi_uldivmod.o)
 .debug_frame   0x00001dc4       0x34 /home/amer/st/stm32cubeide_1.12.0/plugins/com.st.stm32cube.ide.mcu.externaltools.gnu-tools-for-stm32.13.3.rel1.linux64_1.0.0.202410170706/tools/bin/../lib/gcc/arm-none-eabi/13.3.1/thumb/v7e-m+fp/hard/libgcc.a(_udivmoddi4.o)

.debug_line_str
                0x00000000       0x62
 .debug_line_str
                0x00000000       0x62 ./Core/Startup/startup_stm32f401cbux.o
