../Core/Src/main.c:113:6:HAL_GPIO_EXTI_Callback	24	static
../Core/Src/main.c:153:6:HAL_TIM_PeriodElapsedCallback	32	static
../Core/Src/main.c:272:5:main	16	static
../Core/Src/main.c:344:6:Display_LCD_UI	16	static
../Core/Src/main.c:380:6:SystemClock_Config	88	static
../Core/Src/main.c:427:13:MX_ADC1_Init	24	static
../Core/Src/main.c:479:13:MX_ADC2_Init	24	static
../Core/Src/main.c:531:13:MX_SPI1_Init	8	static
../Core/Src/main.c:569:13:MX_TIM2_Init	32	static
../Core/Src/main.c:614:13:MX_UART5_Init	8	static
../Core/Src/main.c:647:13:MX_USART1_UART_Init	8	static
../Core/Src/main.c:678:13:MX_DMA_Init	16	static
../Core/Src/main.c:696:13:MX_GPIO_Init	48	static
../Core/Src/main.c:764:6:Error_Handler	4	static,ignoring_inline_asm
